4.55762
4.3706
4.19149
3.8852
3.7373
3.59531
3.32529
3.20903
2.77693
2.39539
2.32906
2.00054
1.95419
1.90965
1.74392
1.48581
1.25968
1.06207
1.05823
0.886526
0.737415
0.74545
0.754005
0.762268
0.67638
0.68712
0.564865
0.578912
0.507809
0.410764
0.354263
0.371986
0.390251
0.408203
0.325786
0.256056
0.275521
0.294884
0.313313
0.265983
0.205781
0.224428
0.243108
0.202922
0.221523
0.183701
0.202152
0.16651
0.135005
0.152693
0.171497
0.189798
0.209088
0.227664
0.246261
0.264818
0.284241
0.30354
0.257465
0.27687
0.214621
0.177749
0.19609
0.161316
0.130599
0.148136
0.119051
0.0845386
0.063958
0.0466083
0.0281673
0.0394876
0.0229636
0.0339525
0.0460119
0.0593214
0.0736998
0.0897136
0.106568
0.124116
0.0885878
0.0603603
0.07482
0.0557154
0.0698201
0.0855957
0.101497
0.118876
0.136011
0.154469
0.173297
0.141298
0.113172
0.130137
0.148406
0.167076
0.186044
0.205217
0.16974
0.187893
0.206207
0.225514
0.187901
0.1403
0.10149
0.0704156
0.0854995
0.0578449
0.0415843
0.0544257
0.0683891
0.0840548
0.0636865
0.0783109
0.0937854
0.0643142
0.0414409
0.0243421
0.0355796
0.0483677
0.0294437
0.0414359
0.0243512
0.0355778
0.0483516
0.0624546
0.0770196
0.0931954
0.0714792
0.0866079
0.102512
0.119055
0.136117
0.154561
0.12492
0.0989907
0.068391
0.0832878
0.0560745
0.0701196
0.0458862
0.0317768
0.0440846
0.0303333
0.0163609
0.0070475
0.014246
0.023063
0.0335246
0.0186252
0.0104409
0.0183037
0.0102153
0.00457174
0.0107489
0.00493175
0.000836532
8.66639e-06
0.00116271
3.50984e-05
0.00182688
0.00635649
0.00143388
0.00539353
0.0115812
0.00550363
0.00172262
2.09422e-06
0.00134107
0.00448749
0.000657877
0.00315734
0.00837674
0.0156505
0.00663932
0.00170869
1.07284e-06
0.00141705
0.00535934
0.0118714
0.00572204
0.00114388
3.51079e-05
0.0013571
1.04006e-05
0.00122917
0.00426826
0.000665752
0.0039289
0.00852991
0.0147307
0.02242
0.0110727
0.00390833
0.000532998
0.00362863
0.000372439
0.000399763
0.000371053
0.00320011
0.00846811
0.00264741
0.0075902
0.0135107
0.0209375
0.0104311
0.00375136
0.00824913
0.0143374
0.0061171
0.00133248
1.24384e-05
0.00162493
0.00597628
0.0127281
0.0063556
0.0129009
0.021349
0.0126253
0.0209991
0.00987254
0.0175239
0.0274811
0.0385075
0.0219663
0.0105203
0.00485723
0.00141049
7.55862e-06
0.00116611
0.00484337
0.00140444
8.03683e-06
0.00111647
2.11369e-05
0.00169019
0.00580487
0.00115507
0.00509784
0.0115156
0.0195585
0.0113019
0.00540554
0.0119502
0.0200986
0.0299111
0.0158563
0.0255008
0.0128447
0.0217829
0.0129844
0.00657145
0.0135804
0.00521161
0.00161711
8.01646e-05
0.00204773
1.87363e-05
0.00183394
0.00636408
0.00227757
0.00713023
0.0143247
0.00563312
0.00106515
0.00463293
0.010813
0.0186767
0.0288598
0.0184866
0.028024
0.0397594
0.052952
0.0380239
0.0258156
0.0371927
0.0493431
0.0634539
0.0786696
0.0597471
0.0746756
0.0563751
0.0409696
0.0542143
0.0332481
0.0449661
0.0586228
0.0734366
0.0553676
0.0699095
0.0524027
0.0659792
0.0812833
0.0537991
0.032915
0.0177977
0.0101282
0.00319807
0.00859092
0.0162248
0.0258179
0.0365865
0.0493147
0.0633198
0.0400614
0.0531652
0.0383386
0.0506581
0.0647711
0.048085
0.0613281
0.0385242
0.0508463
0.0642948
0.079476
0.0605851
0.0379572
0.0502024
0.0302291
0.0421723
0.0243687
0.0354536
0.0480456
0.0341221
0.0228094
0.013946
0.023007
0.033829
0.0226103
0.0333526
0.0451116
0.0580807
0.0720849
0.0877067
0.0677505
0.0507316
0.0641674
0.0792646
0.0952604
0.0645121
0.0789464
0.0949371
0.110906
0.0878956
0.0587567
0.0431719
0.0249707
0.0360934
0.0244915
0.0350373
0.0469451
0.0606804
0.0755249
0.0905781
0.10713
0.123509
0.140348
0.113779
0.130335
0.0922271
0.108873
0.125273
0.0882037
0.103817
0.120956
0.138646
0.155786
0.173198
0.142859
0.160046
0.177483
0.146713
0.105357
0.122558
0.139285
0.0994025
0.116391
0.132947
0.150985
0.169385
0.18692
0.13805
0.111765
0.0887572
0.105265
0.121479
0.0972866
0.114153
0.079268
0.0944114
0.0637477
0.0401668
0.0532675
0.0323342
0.0215147
0.00995851
0.00467301
0.0107962
0.0190522
0.00837713
0.00363657
0.00923891
0.017031
0.0267367
0.0133899
0.00706057
0.0137759
0.0223232
0.03247
0.0216647
0.013209
0.00481673
0.00150558
0.00568942
0.0118876
0.0199705
0.0297013
0.015375
0.0247546
0.0120447
0.0061299
0.00226092
2.76921e-05
0.00187016
0.00608836
0.00223885
0.0067094
0.00143835
6.51953e-05
0.0010444
5.13703e-05
0.000484294
0.000231996
0.00260191
0.00729037
0.00169752
0.00576391
0.0119419
0.0205335
0.00927664
0.00425698
0.00980085
0.0046128
0.000603281
2.4324e-05
0.00113972
0.00521381
0.00991996
0.00354716
0.000444841
0.000326984
0.00286835
0.000117325
0.000334652
0.00330876
0.00898751
0.00302819
0.00685157
0.00169153
1.17766e-05
0.00107479
0.00488642
0.000695293
0.0040613
0.00948219
0.017409
0.00729161
0.0145011
0.00792149
0.00198207
0.000216765
0.00252532
0.00712134
0.00161025
0.000108876
0.0023449
0.00720672
0.0016457
0.00598055
0.00219985
0.000294447
0.00276542
0.000518339
0.00335774
0.00841714
0.00220702
1.96531e-05
0.00129612
0.00553979
0.00109367
0.00373817
0.000519089
0.00260411
0.00618409
0.0132471
0.0199758
0.0305341
0.0174383
0.00781794
0.0132696
0.00522286
0.00112348
1.37595e-05
0.00176178
1.90389e-07
0.00144233
7.35647e-05
0.00195326
2.7368e-06
0.00150362
0.00443152
0.000652821
0.00286965
0.000171757
0.00170845
1.94582e-06
0.00174918
3.53616e-06
0.001169
2.50046e-05
0.000553601
0.000245342
0.000169956
0.00066051
9.9696e-06
0.00190863
0.00504987
0.011726
0.0180312
0.0254996
0.0138208
0.0232745
0.0117362
0.0180263
0.0254733
0.0138064
0.00557743
0.00128555
1.40243e-05
0.00174374
1.27545e-06
0.00137367
0.00543569
0.00194026
0.00614233
0.0128594
0.00687802
0.013863
0.00761091
0.0148448
0.0240425
0.0113327
0.0196755
0.0298372
0.0415772
0.0233843
0.0148107
0.00831553
0.00208399
0.00668896
0.0131733
0.00712962
0.0137576
0.0221604
0.0138879
0.0228503
0.0335441
0.0229439
0.0105794
0.00320927
0.000162213
0.000840956
0.00471469
0.0113123
0.0174321
0.0277688
0.0154251
0.0253311
0.0136985
0.00586425
0.0129568
0.00507852
0.0118287
0.0208496
0.0101266
0.003437
0.000414949
0.000268462
0.00267279
0.00770259
0.00180843
0.00590241
0.0120527
0.00403405
0.00983503
0.0177966
0.026964
0.0383719
0.0503072
0.036687
0.0493414
0.0359033
0.0484504
0.061305
0.0459969
0.0595869
0.0445676
0.0580035
0.0725675
0.0462572
0.0267181
0.0372962
0.049119
0.0288104
0.0404588
0.0285705
0.0393796
0.0277003
0.0137284
0.00755158
0.0147678
0.00832097
0.0157836
0.00612721
0.0023926
0.00687586
0.0133625
0.022225
0.0139876
0.00777219
0.00180837
0.00621516
0.00113419
2.86896e-05
0.000498264
0.000272207
0.00267649
0.00768162
0.0149134
0.0235094
0.0343091
0.0465932
0.0592884
0.0361723
0.0251678
0.0163373
0.0252123
0.0120042
0.00394183
0.00115407
0.00497821
0.00173346
0.00606495
0.00106039
0.00478206
0.000589781
1.33339e-05
0.000958136
6.54723e-05
0.00207707
0.000299094
0.00295665
0.000101832
0.00102372
4.93358e-05
0.00197873
0.000263851
0.00284083
0.00761409
0.014769
0.0238484
0.0110711
0.00341629
0.00880474
0.00416863
0.0012933
0.00520912
0.00188926
1.71222e-07
0.0012699
5.95176e-05
0.00118503
0.00370235
0.00992915
0.0035806
0.000466109
0.000229891
0.000745633
0.00457885
0.00872962
0.017049
0.00769151
0.0156518
0.00712396
0.0148686
0.00662443
0.0141698
0.00586031
0.0104387
0.0161813
0.00747797
0.0153599
0.00660497
0.0141542
0.0206365
0.0104668
0.0162067
0.00750394
0.0020621
0.00721115
0.0149977
0.0250107
0.0135249
0.00578954
0.012996
0.0192675
0.026586
0.0387148
0.048297
0.0300133
0.0426347
0.0257629
0.0339444
0.0199992
0.0100557
0.00341892
0.000421237
0.00375231
0.000439842
0.000313213
9.53866e-05
0.00080774
6.1369e-07
0.00148334
0.000114859
0.0021217
0.0064038
0.0131459
0.0045106
0.00150345
0.000121772
0.000258317
0.0032807
0.000375736
0.00364708
0.000409707
0.00374417
0.0100211
0.0187935
0.0259675
0.0136961
0.0234742
0.0119756
0.0179654
0.0287009
0.0412228
0.0509249
0.0658151
0.0435606
0.0265051
0.0387175
0.0229081
0.0116132
0.0175211
0.00836536
0.0135426
0.0198014
0.00952288
0.0033675
0.000400977
0.00214935
7.81279e-05
0.000740618
0.00407261
0.000346207
0.00287292
0.000661426
2.33222e-06
0.00190047
0.00481027
0.0116895
0.0210121
0.0107626
0.00383784
0.000572677
0.000216758
0.00268634
0.000579131
9.40029e-06
0.00203655
0.00724253
0.00194508
4.54317e-05
0.00110364
0.00544635
0.00124871
2.61932e-06
0.00165013
1.68665e-06
0.00188167
1.56939e-05
0.00114769
4.2538e-05
0.000408419
0.00377568
0.00752096
0.00228257
0.00768615
0.00216733
8.38289e-05
0.00126162
0.00375544
0.0074748
0.00226339
0.000104378
0.00077692
0.0041525
0.00134369
0.00530514
0.0111557
0.00593146
0.000949014
0.00451779
0.0104384
0.00542765
0.00210032
0.00665288
0.0130048
0.0210956
0.0134399
0.00761964
0.00351733
0.00856721
0.0155034
0.00574094
0.000866851
0.000212774
0.000459252
0.00339019
0.00875161
0.00215319
0.00675379
0.013118
0.0212058
0.0307985
0.041698
0.0537242
0.0678038
0.0828625
0.0653053
0.0501697
0.0373073
0.0489077
0.0625503
0.0761328
0.0482849
0.0608573
0.0368566
0.0261804
0.0175089
0.0107157
0.0187915
0.0286652
0.0400994
0.0289247
0.019766
0.0124968
0.0204114
0.0298371
0.0405755
0.0221014
0.032555
0.0227387
0.0100959
0.00526481
0.000678929
0.0039192
0.00912235
0.0167274
0.0261817
0.0175892
0.0265254
0.0376398
0.0492411
0.03667
0.0481595
0.0274514
0.0131288
0.0218023
0.0314285
0.0157858
0.00945362
0.00244943
1.69839e-05
0.0015209
2.21689e-08
0.00142353
0.000124548
0.000219062
0.000543326
0.00358746
0.00863486
0.0160731
0.0247266
0.0347912
0.0469744
0.0594075
0.0738253
0.0879753
0.0700378
0.0851357
0.0549582
0.0690364
0.0427865
0.0558111
0.0699426
0.0850099
0.0997083
0.0803202
0.0512857
0.0384279
0.0509805
0.0294604
0.0144423
0.00507855
0.0107853
0.00311121
0.000834784
6.88321e-06
0.00142852
0.00512537
0.0113051
0.0189049
0.0118736
0.0196003
0.0124248
0.00395402
0.000279067
0.00287469
6.26485e-05
0.00126156
1.05728e-06
0.00130632
0.00523484
0.0020423
0.00656142
0.00288532
0.000731945
0.00403464
0.00970718
0.00503782
0.0111617
0.0187217
0.00755211
0.00155664
0.000172857
0.000157642
0.000533625
7.68252e-06
0.00210934
4.40242e-05
0.000828407
0.000252548
0.000494415
0.000488306
0.000264377
0.000770662
0.00276727
0.000171009
0.00145765
5.43362e-07
0.00129097
0.00486456
0.0109104
0.0189813
0.0281276
0.0192751
0.0122375
0.0206399
0.00869161
0.00435729
0.000374778
3.93928e-05
0.000981565
0.00454705
0.0100154
0.00529829
0.00212796
0.00632779
0.0124677
0.00392735
0.00952162
0.00495748
0.00192418
0.00597861
0.0124604
0.0203028
0.0303588
0.0211833
0.0313764
0.0155771
0.0240791
0.0347469
0.0248004
0.0355628
0.0477156
0.0601535
0.0359392
0.0186736
0.0277448
0.0190584
0.0281842
0.03863
0.02053
0.00858617
0.0159788
0.00974724
0.0051391
0.0108174
0.0182418
0.0279354
0.0192362
0.0123006
0.0200734
0.03009
0.0210233
0.0137317
0.0218139
0.0321165
0.0227186
0.015105
0.00531645
0.00218651
2.34794e-07
0.00125484
0.000105237
0.000627967
0.00348048
0.00109643
0.000155195
0.00135498
3.95876e-06
0.00177069
3.1302e-05
0.00242607
0.000156983
0.000517954
0.000494829
0.000179082
0.00226706
0.000481078
0.00311362
0.00830725
0.0149715
0.0232106
0.032822
0.0233149
0.0339545
0.0460449
0.0256457
0.0355972
0.0466928
0.0261214
0.0361154
0.0472397
0.0353732
0.0254367
0.0353147
0.0181674
0.0115232
0.00648693
0.0125331
0.00724143
0.00136065
7.9763e-05
0.000668987
0.000375407
0.00189164
1.66444e-05
0.00093142
0.00449208
0.00169179
2.42778e-05
0.000857066
3.92792e-05
0.0019107
0.00634494
0.0123317
0.0208362
0.0136636
0.00811308
0.00408005
0.00027335
0.0025313
1.349e-05
0.00165259
0.00411226
0.000574063
0.000129038
0.00205146
0.00606774
0.0119289
0.0194086
0.0125564
0.0211403
0.0303097
0.0147365
0.00508426
0.000561612
0.00366789
0.000182419
0.000974399
0.00302063
0.000345819
0.000266944
0.0028671
0.000786695
0.00419234
0.00931273
0.0170335
0.0106999
0.0188056
0.0287223
0.038911
0.0205702
0.0296439
0.0412846
0.0542688
0.066719
0.0817432
0.0653104
0.0802204
0.0940417
0.110444
0.0906359
0.104843
0.0857122
0.0548104
0.0689631
0.0422155
0.0552615
0.0694355
0.0546464
0.0687506
0.0420422
0.0311785
0.0416588
0.0308743
0.0218977
0.0323097
0.044204
0.0330688
0.0450379
0.0337986
0.0445663
0.0334187
0.044132
0.0330704
0.0238048
0.0344817
0.0249983
0.034705
0.017533
0.00659399
0.00105849
0.00472718
0.0107169
0.0028921
0.00794309
0.0151421
0.0242185
0.0165439
0.0249718
0.011147
0.0192755
0.0125919
0.0202294
0.0302868
0.0406754
0.0534297
0.0410548
0.0218793
0.0322094
0.043999
0.057043
0.0441767
0.0331962
0.0439213
0.0238538
0.0162979
0.024676
0.0343572
0.0451654
0.0569408
0.0331546
0.0438154
0.0328934
0.0435119
0.023569
0.0102373
0.00570035
0.0113937
0.00655975
0.0125405
0.00379779
0.00135773
0.00482887
0.00198833
0.00645525
0.0123902
0.0037126
0.00922753
0.0168428
0.0262918
0.0119446
0.0193759
0.0282007
0.0131881
0.0208733
0.0311024
0.0222443
0.0150228
0.00513075
0.00218244
0.000501002
0.00308234
6.09933e-05
0.000246102
0.00359074
0.00671923
0.0151219
0.0262224
0.0148302
0.0203167
0.0106447
0.020478
0.0107648
0.0038452
0.000664611
8.14481e-05
0.000210079
0.0034538
0.00653452
0.0148532
0.0203324
0.0265138
0.0150871
0.0261958
0.0138668
0.0246521
0.0137444
0.0244854
0.0311402
0.0452902
0.0536384
0.0703602
0.0490039
0.0321178
0.0394828
0.0474111
0.0635588
0.0436083
0.0518204
0.0343546
0.0196433
0.0257209
0.0145657
0.0060931
0.00137985
0.00646736
0.00191644
1.76393e-05
0.000743864
0.00248114
0.00856072
0.0129196
0.0234888
0.0299644
0.0440141
0.0282963
0.042071
0.0253335
0.0320013
0.046348
0.0624353
0.0716583
0.0480965
0.0565149
0.0363234
0.0224083
0.0112426
0.0213285
0.0105161
0.00369752
0.000616993
0.00224051
0.00814495
0.00282969
0.000178604
0.00130196
1.25754e-06
0.00134261
0.00531221
0.0115928
0.00326424
0.00856123
0.0160014
0.0241283
0.016659
0.0106961
0.0177142
0.027377
0.0371538
0.0496269
0.063294
0.0759553
0.0892055
0.0726108
0.087877
0.101573
0.0664161
0.0813233
0.0510104
0.0287229
0.0134324
0.0221929
0.00929785
0.01597
0.0240687
0.0334073
0.0438167
0.0551436
0.0317348
0.0419485
0.0314746
0.0152589
0.0231817
0.0338933
0.0247001
0.0108688
0.0178778
0.0262443
0.0357885
0.0262889
0.0184238
0.0268543
0.0381452
0.0489104
0.0272483
0.0124918
0.02111
0.0299501
0.0416859
0.0547696
0.0667771
0.0794309
0.0926187
0.106239
0.123254
0.083351
0.067355
0.0406513
0.0516022
0.065642
0.0394024
0.0522903
0.0297022
0.0396125
0.0504723
0.0644385
0.0507859
0.0624823
0.0491142
0.0376126
0.0278605
0.0393204
0.029324
0.0391606
0.0204051
0.0290893
0.013664
0.0225875
0.0154358
0.0233034
0.0160293
0.0102357
0.0182608
0.0120076
0.0191897
0.0127585
0.00774083
0.00145092
0.000216939
0.000997684
0.00285729
0.0055966
0.0011542
0.00607863
0.00137087
0.0065359
0.00158501
1.91665e-07
0.000524617
0.00201117
0.00439239
0.0118333
0.022252
0.0121517
0.00463632
0.0121987
0.0170383
0.00852386
0.00309468
0.000243428
0.00366455
0.00666931
0.00206059
0.00789781
0.0119664
0.0167531
0.0285069
0.0425526
0.0256889
0.0392528
0.024767
0.0311311
0.0173227
0.022854
0.035918
0.0431986
0.0278047
0.0344161
0.0196998
0.00941405
0.00307472
0.0058532
0.0012813
0.0063872
0.0100875
0.00402016
0.000538645
0.000117663
0.00126506
0.00634793
0.00150563
1.72619e-07
0.00144765
0.000225938
0.00270765
0.00693655
0.00352394
0.00815221
0.014399
0.0220609
0.00908796
0.0155704
0.0248308
0.0108104
0.0189283
0.0126496
0.00773557
0.00409747
0.00165112
5.49128e-05
0.00085589
9.04409e-05
0.00137107
6.13696e-06
0.0023413
0.0048138
0.001131
5.00355e-07
0.00205698
0.007943
0.0022909
0.00474593
0.00110249
0.00601898
0.0143404
0.0193989
0.0250755
0.031322
0.0174944
0.0088658
0.00277999
0.00031282
0.00153994
0.00363511
0.0107102
0.0151696
0.0266629
0.0330093
0.0398611
0.02529
0.0314847
0.0462144
0.0539131
0.0620045
0.040587
0.025854
0.0148191
0.00627119
0.00187335
1.47868e-05
0.00249445
0.000229984
0.000537177
0.00359604
0.000115905
0.00012553
0.0010665
2.15118e-06
0.00117238
0.000188843
0.000383456
0.00320263
0.00760461
0.00134451
0.00533177
0.0116421
0.00317753
0.00757282
0.00402128
0.00973659
0.00226419
0.000616857
0.00379339
0.0093811
0.00534774
0.00249611
1.28442e-06
0.00150061
0.00491755
0.0022129
2.74736e-06
0.00229766
7.0092e-05
0.000616099
7.20608e-06
0.00192011
8.65847e-05
0.000942891
1.05951e-05
0.00166858
0.00591638
0.0124382
0.00767786
0.0137072
0.00421259
0.00999758
0.00582916
0.011284
0.0195039
0.00745756
0.001275
0.00517435
0.0113829
0.00687246
0.00356082
0.00136854
0.000129089
0.00328455
0.000495248
0.000130269
0.00126768
0.00644515
0.00197236
0.0042231
0.000611419
0.00019313
0.00259631
0.00748368
0.0145495
0.0221623
0.030976
0.0408266
0.0310856
0.0146814
0.00472841
0.0107443
0.0175528
0.00633059
0.0130066
0.0203
0.0304391
0.0420914
0.0550428
0.0667987
0.0791592
0.0489145
0.0379925
0.02866
0.0131167
0.020426
0.028963
0.038561
0.0512033
0.0284849
0.0130247
0.0216989
0.00878734
0.0163113
0.0242103
0.0103352
0.00254123
0.000765823
0.00352534
0.00133194
0.00013483
0.000707261
0.00340202
0.00788516
0.0139379
0.00435558
0.00184444
0.00546648
0.00257727
0.00749647
0.014627
0.0093784
0.00208859
0.00666631
0.000978515
0.00393923
0.000178672
0.00256377
0.0066206
0.00337044
0.00874755
0.00490297
0.0110177
0.0191793
0.00727476
0.00120704
0.000155632
0.0019994
1.48042e-05
0.000639322
7.00501e-05
0.00147545
1.8373e-05
0.000811095
0.00425045
0.0090766
0.00196004
1.75281e-05
0.00066009
0.000174061
7.43469e-05
0.00297564
0.0056116
0.00155528
2.89214e-05
0.00074657
0.0041173
0.00990203
0.00233009
1.72173e-07
0.00217847
0.00452511
0.00071291
0.000149174
0.00245439
0.00728456
0.0131574
0.0204184
0.0306342
0.0423753
0.0223287
0.00917963
0.0155639
0.00524076
0.0115255
0.0069631
0.0139039
0.0227952
0.0159293
0.0104104
0.0184018
0.00682462
0.012573
0.00363441
0.00914046
0.00519324
0.00240893
0.00718609
0.00379218
0.00935446
0.0020701
0.00585034
0.0123327
0.0194612
0.0278295
0.0201352
0.0285887
0.0130672
0.0203149
0.0139557
0.0228365
0.016029
0.0238164
0.0345403
0.0258115
0.0368176
0.0277655
0.0390296
0.0495384
0.0631416
0.0369764
0.0473093
0.0367601
0.0277449
0.0371426
0.0280901
0.0393928
0.0499022
0.0611615
0.0354978
0.0477448
0.0588622
0.0338509
0.0252864
0.0343678
0.0167847
0.0262566
0.0115322
0.0198076
0.0281726
0.0205065
0.00800301
0.00147416
0.000102502
0.000963597
7.10849e-06
0.00194481
0.00413286
0.0116145
0.00505975
0.0130502
0.0176789
0.0299404
0.0362899
0.0210727
0.0103404
0.00359891
0.0107513
0.0150277
0.0064161
0.00197463
0.0041657
0.000872182
8.59011e-05
0.000142204
0.000442259
0.00334066
0.00775251
0.00425491
0.000232005
0.00272773
8.40018e-06
0.00162935
0.00582195
0.00288744
1.85233e-05
0.00173363
0.00599771
0.0124972
0.0209482
0.0295173
0.0135937
0.0223096
0.0326882
0.0243414
0.0173786
0.00616183
0.0127
0.0211689
0.0147778
0.0237028
0.0168775
0.0248501
0.017842
0.00640402
0.0130065
0.00826928
0.00467525
0.0021486
9.18055e-06
0.00117094
0.000167598
0.00121195
0.00298192
0.00981161
0.0138001
0.0183491
0.0309676
0.0173948
0.0297767
0.0446032
0.0614527
0.0403768
0.0471854
0.0643355
0.0426459
0.0274471
0.0333727
0.04876
0.056004
0.0635616
0.0822935
0.056844
0.0749836
0.0832424
0.103339
0.112317
0.0837147
0.0922076
0.0647927
0.0726594
0.0921171
0.0670575
0.0447875
0.0291222
0.0351269
0.0415327
0.0251883
0.0143529
0.0189229
0.0239934
0.0295243
0.0354777
0.0220168
0.0111344
0.0152286
0.00738932
0.00250113
0.000122051
0.00069281
3.24424e-05
0.00177168
0.00375181
0.00639331
0.0152732
0.0272353
0.0158789
0.00706519
0.0104643
0.00376342
0.00640203
0.0152924
0.0198805
0.00971515
0.00334918
0.00585795
0.00897942
0.0189864
0.00995187
0.020307
0.0108846
0.00401435
0.000798338
0.00225894
0.00440149
0.000972493
0.00253036
0.000132214
0.000463336
0.00283375
0.00700188
0.00101423
0.000302706
0.000408293
0.000808593
0.00557251
0.00864084
0.0184968
0.0312924
0.0176664
0.0302539
0.0169278
0.00775763
0.0112627
0.00424025
0.000665164
0.00014217
0.00131548
4.51206e-06
0.00120161
0.000213419
0.00117081
2.66432e-08
0.00105833
0.000143154
0.0013129
3.8239e-06
0.000321849
0.00139592
6.30568e-07
0.00111954
0.00473191
0.000314391
0.00247396
1.13833e-07
0.00104552
0.00013959
0.00132496
0.00307444
0.0100724
0.00407891
0.00677735
0.00216989
0.00845017
0.00264456
0.000158484
0.000419699
0.000791095
9.59516e-05
0.00146389
1.75351e-05
0.00265346
0.000287725
0.000262581
0.00102861
0.006074
0.0092699
0.00307969
0.00551427
0.0139485
0.0255216
0.013563
0.00630363
0.00191983
2.61898e-05
0.00102339
0.00456633
0.000282442
0.000987662
4.47309e-05
0.00152349
0.00010521
0.000730512
0.00343179
0.00867025
0.0159339
0.0237041
0.0326103
0.0245527
0.0177897
0.00630106
0.00333264
0.00133937
0.00517439
0.000436396
0.00277078
0.00100057
0.00451112
0.000267222
0.00275306
0.000992071
0.000309154
0.00412287
0.000619573
0.00505932
0.00099612
4.06762e-05
0.00182814
0.00602809
0.011533
0.00298802
0.00793676
0.0140174
0.00920796
0.00191667
3.35537e-05
0.00279704
0.000199635
0.000368004
0.000847027
2.25949e-05
0.000236316
0.00032039
0.00248372
2.79201e-09
0.00135667
0.00462858
0.00216854
0.00598159
0.000686366
0.00333255
0.00133117
0.000160026
0.000610674
0.00316847
0.00123175
0.00497366
0.0100611
0.0177218
0.00627545
0.0118067
0.0187464
0.0269095
0.0118101
0.0199573
0.0297652
0.0221508
0.0308048
0.042179
0.0528334
0.0293219
0.0133498
0.0218568
0.0319733
0.041763
0.0323858
0.024383
0.0348708
0.0449247
0.0351672
0.0267958
0.0376081
0.0187488
0.0269149
0.0377518
0.0290178
0.0384798
0.029664
0.0135103
0.0207682
0.00801807
0.0150775
0.0100805
0.00617031
0.000736553
0.000470982
0.00463757
0.0125829
0.016799
0.00767556
0.00267993
0.000166263
0.00104818
0.00612615
0.00147314
1.98879e-08
0.00226579
0.00440258
0.0122225
0.0163737
0.00742553
0.00212624
0.00420087
0.00690072
0.0101791
0.0206047
0.0338767
0.0399053
0.0254209
0.0396661
0.0252523
0.0306777
0.0172915
0.0297929
0.0166651
0.00838037
0.00308116
0.00546392
0.0138935
0.00585435
0.0144744
0.00691511
0.016023
0.00719825
0.00200979
0.00812243
0.00249325
0.00901462
0.00298025
0.00534533
0.0136883
0.0251797
0.0393122
0.0457136
0.0298876
0.0448451
0.061851
0.0805273
0.0555814
0.0360005
0.0224102
0.0123832
0.005537
0.00857773
0.00273294
0.00942243
0.00369272
0.0110453
0.0216683
0.0350411
0.0217265
0.0350957
0.0204644
0.0110235
0.0216073
0.0118427
0.00457459
0.0124203
0.00557615
0.0139459
0.00585203
0.00134176
0.00311909
0.00556631
0.0015412
2.8502e-05
0.00272843
0.000318563
0.000229388
0.00264698
0.00667895
0.00360373
0.00893143
0.0162705
0.0239869
0.0100168
0.0164981
0.00562519
0.0108801
0.00674042
0.0123383
0.00788233
0.00138685
0.00528803
0.000484121
0.0033719
6.57376e-05
0.00199854
0.00565811
0.000598033
0.000564917
8.82857e-05
0.00211809
1.03943e-05
0.00250022
0.000249899
0.00383404
0.00652647
0.0153007
0.00750894
0.0110223
0.00472524
0.0125972
0.0169053
0.00768096
0.0169569
0.00864634
0.018294
0.0307648
0.0368232
0.0525506
0.0700671
0.0780197
0.0975337
0.118076
0.127151
0.148768
0.114534
0.13573
0.145064
0.167079
0.189418
0.144642
0.16662
0.129618
0.0949691
0.103631
0.0768337
0.0548928
0.0351527
0.0203477
0.00993462
0.00342129
0.000580632
0.00485011
0.00121471
1.42837e-05
0.0012725
0.000163351
0.00345763
0.000599421
7.11378e-05
0.00206613
0.00571715
0.00063906
1.88218e-05
0.00130067
0.000151725
0.000400911
0.000757387
2.88999e-05
0.00136359
0.000246004
0.00218773
4.33332e-06
0.00235057
0.00461484
0.000759989
2.72969e-05
0.00134502
0.000135568
0.00101564
9.86253e-07
0.00105682
0.00475564
0.0107943
0.00273017
0.00771453
0.0148676
0.00977934
0.0175494
0.0119427
0.018676
0.028458
0.0397601
0.0523627
0.0414772
0.0517002
0.028728
0.0378385
0.0502545
0.0610329
0.0753985
0.0617304
0.0730949
0.0881682
0.100444
0.0840773
0.0695138
0.0843486
0.0965096
0.112589
0.0740911
0.0606656
0.0749283
0.0868122
0.0544242
0.0306272
0.0143134
0.0231706
0.0316551
0.0410338
0.0212845
0.0150249
0.00487652
0.0109135
0.0027724
0.00676356
0.0036319
0.000112972
0.00174927
0.00514665
0.010086
0.00609384
0.000759243
4.57839e-05
0.00161833
0.00354635
0.000383071
0.00154204
0.00342096
0.000609633
0.00195134
0.00788583
0.0114281
0.00507704
0.0131193
0.0242251
0.0124895
0.0234005
0.0133377
0.00632805
0.00203298
0.00412113
0.000924552
3.96908e-06
0.0015772
0.00575465
0.0108349
0.00669937
0.0135172
0.0222732
0.0159062
0.02322
0.00960566
0.0173483
0.0268999
0.0380112
0.0292082
0.0133603
0.0220345
0.00888688
0.01486
0.00987702
0.00226846
0.00692822
0.00379168
0.00818682
0.00472302
0.00225603
3.28835e-06
0.00236633
0.00454127
0.000739658
2.70226e-05
0.00131487
0.00522856
0.000475554
2.48737e-06
0.00206452
0.00811515
0.0116531
0.00437027
0.000677147
0.000153368
0.00187435
0.00531921
0.0115314
0.0180863
0.00654991
0.0132424
0.0201285
0.0280806
0.012642
0.0211318
0.00834795
0.0016062
0.00487358
0.0109213
0.00678607
0.000993524
0.00379216
0.000139257
0.00238652
6.90152e-08
0.00138697
0.0045058
0.000294083
0.00291205
0.00796297
0.00453618
0.010405
0.0182813
0.00669646
0.0121149
0.0188077
0.0285575
0.0129953
0.021537
0.00863043
0.00174307
4.66079e-05
0.00280452
0.00518242
0.0132015
0.00621661
0.00947021
0.00384751
0.00048508
0.000105272
0.00223994
0.00068773
3.17565e-05
0.00169949
6.72428e-05
0.000550345
8.60089e-06
0.00116208
0.000200752
0.000573939
0.00294617
2.56364e-05
0.00179973
0.000461047
0.00337396
0.0075844
0.0132003
0.0200359
0.0279231
0.0205991
0.00807071
0.0153278
0.00505986
0.00245999
0.000817412
0.00343468
0.00879979
0.00181095
0.00614239
0.0113326
0.0195108
0.0273321
0.0122285
0.0206374
0.0145493
0.0234737
0.0169133
0.0263034
0.037237
0.0494911
0.0271621
0.035948
0.0178536
0.0254743
0.0185752
0.00687814
0.0122956
0.0206853
0.0146102
0.00466028
0.000335126
0.00302004
3.23867e-05
0.00183306
3.37816e-05
0.000663571
0.00385463
0.00166473
5.98558e-05
0.00289735
0.00952388
0.0193603
0.0104554
0.00368133
0.000725026
0.000134158
0.00124939
0.00298979
0.00022824
0.00121117
4.23597e-06
0.00124938
0.000214216
0.00106031
0.00268329
0.00498006
0.0129046
0.017169
0.00783221
0.00287265
0.00950123
0.00387709
0.000813468
0.005415
0.013543
0.0179091
0.0301457
0.0183551
0.0306784
0.0187705
0.0100902
0.00345578
0.000643501
0.00017516
0.00252079
1.84401e-06
0.000348655
0.000173692
4.97182e-05
0.00282125
0.000397918
0.000339188
0.000833361
1.10746e-05
0.000279555
0.00131599
1.48901e-05
0.00055881
0.00475205
0.000815749
1.25293e-05
0.00185447
1.39198e-05
0.00249384
0.00880025
0.00274977
0.000373257
0.000154182
0.0018344
3.1252e-05
0.00104432
0.000135179
0.00176926
0.00608396
0.0111891
0.00698438
0.0138741
0.00910243
0.0054135
0.0116824
0.00740698
0.0128874
0.0214264
0.0293878
0.0135482
0.0222455
0.0325882
0.0246425
0.0353267
0.0447014
0.0576919
0.0330286
0.0250278
0.0107716
0.0187348
0.0263804
0.0116305
0.00313789
0.00123253
0.00418163
0.00988091
0.0176023
0.0250838
0.0334939
0.0426929
0.0333196
0.0161174
0.0109426
0.00279519
0.0077599
0.0133348
0.0219481
0.0299756
0.0413971
0.0322243
0.0438903
0.0538559
0.0675601
0.0786706
0.0938644
0.0785669
0.0483075
0.0263475
0.0348788
0.0171544
0.00608392
0.000767011
0.000402777
0.000135299
0.0023593
0.00704739
0.0124387
0.00355866
0.0089478
0.00530178
0.000521701
0.00279442
0.00102351
0.00462616
0.00219963
0.00576598
0.0121301
0.0186698
0.0130214
0.00384085
0.00935603
0.0169021
0.0242595
0.0348319
0.0441486
0.0541113
0.0678169
0.055353
0.0659248
0.0390268
0.048623
0.0619115
0.0727527
0.0440738
0.0569749
0.0325751
0.0246404
0.0352758
0.0269736
0.0379094
0.0474563
0.0576095
0.0463919
0.0250251
0.0183196
0.0127856
0.0211927
0.00841988
0.0156487
0.0106262
0.00666137
0.000954401
0.00443638
0.00900288
0.00189663
0.000544656
0.00352158
9.52208e-05
0.00214118
0.00659961
0.000936632
0.000113979
0.00132978
0.00659717
0.0097576
0.00335907
0.000356212
0.00416308
0.0116335
0.015587
0.00690367
0.0157537
0.0201917
0.0250509
0.0132823
0.00548487
0.00119903
0.00280966
0.00941775
0.00381846
0.00633356
0.00939667
0.00381561
0.000521241
0.000208852
0.00204311
0.0055749
0.0105882
0.0182699
0.0128318
0.0210357
0.0290667
0.0132905
0.0216018
0.015592
0.0106727
0.0183251
0.0275803
0.020657
0.0302777
0.0140384
0.00432409
0.00983879
0.00612604
0.0033484
0.00755793
0.0131778
0.00386809
0.0091744
0.0163704
0.023783
0.0321816
0.0414192
0.0513639
0.0618966
0.072911
0.0872211
0.0730388
0.0873081
0.0731695
0.084608
0.0993652
0.0840457
0.0522217
0.065196
0.0535209
0.0641598
0.0752596
0.0867272
0.0727523
0.0437915
0.0538101
0.0643781
0.0528308
0.0293609
0.0222806
0.0163161
0.0113932
0.0177983
0.0252706
0.0107847
0.00265313
0.00644833
0.00363176
0.000101608
0.00163796
0.000453622
0.00322173
0.0072706
0.0126745
0.0192515
0.028741
0.0218023
0.0297242
0.0226622
0.032679
0.0439846
0.0350267
0.0465532
0.0591258
0.0698025
0.0578659
0.071237
0.0823619
0.0937791
0.0793901
0.0939043
0.0795586
0.0486358
0.0587616
0.0334511
0.0447676
0.0236072
0.00972683
0.0157207
0.00515747
0.00273183
0.00744721
0.00442478
0.000249641
0.00104689
0.00609554
0.00195666
0.000139653
0.000875495
0.00569072
0.0141516
0.0180819
0.0306446
0.0173279
0.00811424
0.00310878
0.00029981
0.00019817
0.00246587
0.000936022
0.00033175
0.00128213
2.91472e-06
0.000263649
0.000229117
9.2455e-06
0.00252885
0.00014943
0.000360314
0.00085892
0.00564778
0.00836712
0.011532
0.00449
0.000804251
0.00552161
0.00125448
0.00655672
0.00943013
0.019488
0.00962413
0.0129605
0.00614338
0.0148356
0.0187786
0.0315202
0.0194809
0.00960811
0.0129378
0.024152
0.0140064
0.00603383
0.0146628
0.00729545
0.0102901
0.0206399
0.0337623
0.0212019
0.0344253
0.0217263
0.0350403
0.0205879
0.0103353
0.00446757
0.0122333
0.0159364
0.0200184
0.0110539
0.0216193
0.0122162
0.00570993
0.0141311
0.0180467
0.00859135
0.00279145
0.00946443
0.0194541
0.0106662
0.0210596
0.0106227
0.00466974
0.000866958
6.04549e-05
0.000108624
0.00079328
0.00206707
0.000170016
0.000324572
0.0028384
0.00117569
0.000212025
0.00371307
0.000781437
0.00541804
0.00809321
0.00312252
0.00054016
0.00165122
8.16006e-06
0.00248017
0.000137064
0.000858878
5.29518e-06
0.00106081
0.000260162
0.00388865
0.0062291
0.0148916
0.00654742
0.00223481
8.53347e-05
0.00310993
0.00525431
0.00153626
5.35408e-05
0.000849132
0.00339347
0.00153145
9.68821e-05
0.000755246
0.00199615
0.000160549
0.000323177
0.00285839
0.00119629
0.000203537
0.00100302
0.00236563
0.00424832
0.0119198
0.0154771
0.0273752
0.041783
0.025578
0.0137782
0.00587833
0.00142269
0.00296428
0.000478535
0.0015124
2.3972e-06
0.00237557
0.00424473
0.00103482
0.00238968
0.0042485
0.000719578
2.10307e-05
0.00184929
0.00352955
0.00071569
2.0415e-05
0.00161149
0.00551084
0.0102995
0.00241111
0.000944079
0.000329447
0.00122976
0.00650865
0.00173446
0.0075484
0.00227198
0.000237653
0.000239098
0.00255442
6.12523e-07
0.000275613
0.00397236
0.000614969
0.000138719
0.0017376
5.75293e-05
0.000800463
0.000106402
0.00139892
0.00291103
0.000265356
0.000389946
0.00294074
0.00760805
0.00127344
0.00481433
0.00256215
7.89003e-07
0.00214556
8.70184e-05
0.000475011
0.0026622
0.00716265
0.0135129
0.00401623
0.00838237
0.014052
0.00430606
0.000236512
0.00249361
0.00688913
0.00406707
0.00845338
0.00163151
7.30437e-05
0.00302514
0.00509229
0.0131538
0.00560453
0.00135178
1.0377e-07
0.00222255
0.00405269
0.00636208
0.0020837
0.00814689
0.0111914
0.00499766
0.00107719
4.74187e-07
0.000904503
0.000144253
0.00216394
7.37636e-06
0.000401898
0.00136473
2.24913e-05
0.000680436
0.000491838
0.00462245
0.0124252
0.00515581
0.013236
0.0243632
0.0289815
0.0338695
0.0390014
0.0238391
0.0137857
0.00672516
0.00190208
0.000125657
0.000588579
0.00290607
0.00125398
0.000302184
0.00222984
0.00574347
0.0116114
0.0179208
0.0267163
0.0117521
0.00788843
0.00140382
0.00503152
0.0105985
0.00697615
0.0122595
0.0199003
0.028935
0.0375801
0.0487191
0.0607302
0.0501873
0.0408799
0.0504747
0.0606082
0.0711788
0.0820955
0.0507479
0.062944
0.0366567
0.0458995
0.0577533
0.0329351
0.0257378
0.011138
0.0173683
0.025998
0.0358783
0.0468182
0.058647
0.0691986
0.0823342
0.0510152
0.0612128
0.0739557
0.044809
0.0564707
0.0669575
0.0396858
0.0315585
0.0404577
0.0517814
0.062016
0.051289
0.0634046
0.0370676
0.0185637
0.0273057
0.0208737
0.0154356
0.0235897
0.0317339
0.0421373
0.033791
0.0429051
0.0543078
0.044555
0.0560389
0.0665313
0.0554756
0.0456691
0.0555862
0.0677947
0.0566922
0.0689149
0.0577438
0.0682824
0.0791994
0.0485262
0.0263188
0.034711
0.0453424
0.0568414
0.032232
0.0425722
0.0538089
0.0442345
0.0233547
0.00964914
0.0156381
0.0237208
0.03189
0.0421643
0.0339421
0.0267877
0.0206301
0.00798562
0.0135725
0.00404991
0.000181082
0.00220304
0.000859572
0.00346877
8.01691e-05
0.00181435
0.00559025
0.00320193
0.00724473
0.00445895
0.0023915
0.00603018
0.00355351
0.00771766
0.00131792
0.00428098
0.000226711
0.00107294
7.0321e-06
0.00197919
0.000145307
0.00341087
0.00048023
0.00458559
0.012362
0.005778
0.00829216
0.00283271
0.000290604
0.000307732
0.00256204
0.00108692
0.000242054
0.00100921
0.00594034
0.0144166
0.00711426
0.00982539
0.0198842
0.0326736
0.0374414
0.0239827
0.028264
0.0170618
0.00897592
0.0119368
0.0226978
0.0121885
0.0155129
0.0191379
0.0104389
0.013548
0.0248151
0.0386339
0.0435912
0.0276202
0.0320443
0.0366719
0.0234636
0.0135756
0.00663169
0.00193521
6.71553e-05
0.00299552
0.00488508
0.00716863
0.016241
0.0282326
0.0326616
0.0204379
0.0114131
0.00522245
0.0015364
1.12021e-05
0.00250918
0.00892091
0.00317887
0.0051184
0.0131857
0.0063891
0.0150652
0.0266858
0.0310847
0.0181868
0.0220085
0.0125627
0.00537858
0.0135624
0.00602541
0.00195069
0.00786442
0.00260103
0.000224492
0.000255909
0.000989343
0.00223147
0.00837868
0.0112384
0.0144279
0.0258625
0.0144712
0.0179734
0.0302988
0.0177202
0.0214862
0.0255046
0.039387
0.0245383
0.0136168
0.00616348
0.0019888
0.000147678
0.000790864
0.00190812
7.23733e-05
0.000630689
0.000524676
0.000126117
0.00129872
2.0758e-06
0.00100025
0.000219416
0.00203476
0.00580839
0.00342388
0.00791127
0.0139326
0.00990814
0.00664553
0.0119221
0.0188715
0.0270009
0.0210245
0.0294189
0.0231464
0.0177585
0.0252498
0.0195862
0.0273052
0.0364399
0.0458458
0.0244568
0.0189057
0.00698167
0.00104656
0.00402867
0.000177643
6.60584e-06
0.000893348
0.000345168
0.00417034
0.0117139
0.00528895
0.0134357
0.0246147
0.0142718
0.0176113
0.00896812
0.0035803
0.000618544
5.0907e-05
0.0014254
0.00449547
0.00903901
0.00190371
2.69638e-05
0.000439753
0.00443227
0.0120669
0.0152301
0.0186657
0.00965324
0.0195946
0.0233515
0.0134047
0.00645743
0.01512
0.0266949
0.0153243
0.00774819
0.00289605
0.000349594
0.0011691
5.5853e-10
0.000938994
0.000303469
0.000192853
5.31372e-06
0.000936471
0.000304475
0.000191875
5.39163e-06
0.00237436
0.000193374
0.00356064
0.0106286
0.0136471
0.0247692
0.0288752
0.0175202
0.0211427
0.0113613
0.0218133
0.0123327
0.00542707
0.00144073
0.00679348
0.00932116
0.00383568
0.000714528
0.0017631
0.00744667
0.00271567
0.000377279
0.000140101
0.00123084
1.05959e-05
0.00243623
0.00413051
0.0115176
0.00527074
0.0132648
0.00643422
0.00218923
0.000134958
0.00326833
0.000469261
8.91424e-05
4.6854e-05
0.000515626
6.93932e-05
0.00169183
0.0052519
0.00993435
0.0165305
0.0243941
0.0187418
0.0269117
0.0120254
0.00336893
0.00739126
0.0132831
0.00402326
0.000203078
4.45262e-06
0.00230561
0.000175803
0.000397604
0.00246176
0.00105816
0.000252454
0.000958933
8.4159e-06
0.00017068
0.000396716
0.00264423
0.00664494
0.000986961
0.000260047
0.000278971
0.000902332
0.00553338
0.00153771
0.00295357
0.000449621
0.0013448
1.90067e-05
0.000405377
0.00126003
1.12035e-05
0.0024186
0.000224303
0.000926164
0.0056106
0.00169142
7.80623e-05
0.000564658
5.58862e-05
0.00142495
0.000102211
0.000433073
0.00272908
1.39245e-05
0.00014819
0.000765203
0.00521817
0.0131154
0.0239113
0.037124
0.0237778
0.0133282
0.00642841
0.00198405
0.00774944
0.00272245
0.00448292
0.0119491
0.0223472
0.0263068
0.0152241
0.00745459
0.0100636
0.00427611
0.00636369
0.00879425
0.0115383
0.00506449
0.00726152
0.00259699
0.00427661
0.0063128
0.00207549
0.000141172
0.00327878
0.0051096
0.0014382
0.0027573
0.00919738
0.00361966
0.00073307
0.00513662
0.01299
0.0161292
0.0277298
0.0163406
0.00844933
0.0177249
0.0296617
0.0438058
0.0289295
0.0171875
0.0289598
0.0175793
0.0211384
0.0249193
0.0146194
0.00704267
0.00953742
0.00381972
0.000760529
0.00180118
0.00323902
0.009977
0.0127913
0.00591666
0.00185561
0.00752065
0.00266824
0.000330636
0.000189547
0.00194126
0.000771636
0.000142233
0.00119067
0.0061709
0.0144813
0.00708203
0.00953624
0.0039389
0.000865089
0.00542195
0.00159401
4.78482e-05
0.000577321
0.0029536
0.00684891
0.0120808
0.0186962
0.0263553
0.0347048
0.0440306
0.0539711
0.064239
0.0381291
0.0308447
0.014714
0.0106697
0.0169342
0.0125514
0.0191463
0.00736947
0.00472559
0.00934457
0.00213674
0.000899299
0.00356369
0.00774267
0.0132868
0.00408619
0.00847285
0.0141436
0.0209135
0.00844268
0.0140699
0.0207829
0.0287253
0.0226463
0.0307693
0.0146807
0.00485665
0.00947294
0.0153116
0.0224688
0.0172353
0.00629058
0.0113334
0.0175287
0.0250438
0.0110294
0.00762658
0.00491555
0.000449925
0.00265811
0.00648304
0.0115979
0.0180357
0.0255011
0.0337351
0.0428489
0.0229195
0.0176291
0.0131458
0.00941271
0.0153166
0.00520769
0.000538877
0.00279774
0.00660176
0.0041329
0.00847675
0.00177512
2.74478e-05
0.000675496
0.00306745
0.00696661
0.00116343
0.00396799
0.00214242
0.00570374
0.00343887
0.00747829
0.0048202
0.00935311
0.01534
0.0112523
0.00788108
0.0134717
0.0201962
0.0154111
0.0222847
0.0302387
0.0241242
0.0104053
0.0165025
0.00586304
0.0108148
0.0028521
0.00667466
0.0042339
0.00238959
0.00109771
0.000316889
0.000821326
8.04165e-06
0.00111012
0.000324141
0.000809383
0.00179805
0.00313425
0.000537723
6.62494e-05
0.00144901
0.000518075
0.00273687
0.00646312
0.00412768
0.00846629
0.00573191
0.000684119
0.000434662
0.000107279
1.75923e-05
0.000683952
0.00012873
0.00170415
0.00488298
0.000426789
0.00250344
3.56615e-06
0.00191643
0.000139083
0.0032144
0.000570605
0.00142746
3.45863e-05
0.000605109
0.00288057
0.00145724
0.00442494
0.00875327
0.0142448
0.0105156
0.00742917
0.012569
0.00370657
0.0079384
0.0132026
0.0194651
0.0265686
0.0350255
0.0285611
0.0132169
0.00405755
0.00815878
0.0138042
0.00438044
0.000306797
0.00226811
0.00563281
0.00350085
0.00766101
0.0128222
0.00933189
0.00215027
0.000974372
0.00368504
0.00205221
5.84635e-06
0.000728377
0.000389352
0.000141096
6.26878e-06
0.000722458
0.00301337
4.63669e-05
5.50768e-05
0.000479374
5.51184e-05
0.00144905
8.48788e-05
0.00292163
0.00051936
4.91737e-05
0.0012548
0.000426215
3.9265e-05
0.00155013
8.43607e-05
0.000523643
8.68017e-05
2.23508e-05
0.00033829
0.00011676
9.67798e-06
0.00063901
0.000123982
0.00122072
2.86773e-05
0.000521791
0.000562795
0.00135561
0.00245624
0.00383887
0.0108926
0.0133551
0.00628783
0.00827997
0.0174176
0.0291834
0.0431259
0.0292243
0.0184886
0.00974299
0.0039838
0.00106268
1.23651e-05
0.000795946
0.0034242
0.00191276
0.0053694
0.000587508
0.00261376
0.00133359
0.000497661
7.19809e-05
2.46501e-05
0.000325762
0.000195682
0.00104299
9.9954e-06
0.000798824
0.00300588
0.00163601
0.000700157
0.00320531
0.00670996
0.0112418
0.0176801
0.0251846
0.0322859
0.0398758
0.0496077
0.02757
0.0348303
0.0425405
0.035595
0.0432936
0.0231498
0.0314336
0.0405262
0.0485342
0.0268527
0.0216513
0.0171289
0.0233079
0.0186008
0.00705703
0.00479389
0.00955395
0.0156171
0.0119597
0.00339627
0.00757461
0.0122825
0.0188763
0.00722474
0.0118555
0.01733
0.0235114
0.0317966
0.0392209
0.0326895
0.0418679
0.0498195
0.0277518
0.0364752
0.0441684
0.0371219
0.0189321
0.00728454
0.00497531
0.00895585
0.00198602
0.00548954
0.00961471
0.00229473
0.00114679
0.000408449
0.00214185
0.00505719
0.00994102
0.0161302
0.0234312
0.0100302
0.0161914
0.00573013
0.0107572
0.00781892
0.00541013
0.00953375
0.00683347
0.0112806
0.0165484
0.00591904
0.0039
0.00749829
0.0120099
0.00892969
0.014891
0.0205904
0.0268771
0.0355937
0.0295568
0.0384947
0.0460087
0.0389204
0.0463962
0.0541295
0.046296
0.0392665
0.0329863
0.0422522
0.0356979
0.0178963
0.0141018
0.0108453
0.00808818
0.00579435
0.000697795
0.000196006
0.00106071
0.0019087
0.000112037
0.000490051
0.00447816
0.00108728
2.74785e-05
0.000682254
0.00263484
0.00645226
0.00445854
0.00287232
2.48672e-05
0.00128005
0.00367901
0.00794175
0.00150709
0.00463653
0.000358456
0.000765988
1.82718e-05
6.04878e-05
0.000538565
0.000116521
0.00137692
0.00438168
0.000295404
0.000857043
6.20596e-06
0.00107628
0.0038115
0.00798276
0.00154722
0.00459425
0.000358577
0.00231687
0.005775
0.0105218
0.0163684
0.00579897
0.00386456
0.00794129
0.00154433
0.00431538
0.00269861
0.00148909
0.000655497
0.00273949
0.00636504
0.0112279
0.00838192
0.00601364
0.0104274
0.00773938
0.00550996
0.000616365
0.000155876
0.00156766
6.44072e-05
0.0028261
0.0040741
0.000996541
0.00182026
0.00740893
0.00281002
0.00918148
0.0186012
0.0211121
0.0336085
0.0218163
0.0344188
0.0224968
0.0134971
0.0241795
0.0141975
0.0250433
0.0278249
0.0175007
0.0098896
0.0042677
0.00125165
1.57507e-05
0.000251618
0.000142151
0.00147208
0.000657389
0.00297721
0.0067494
0.0111719
0.0171959
0.0135493
0.0191662
0.0152895
0.0210898
0.00858361
0.00183253
1.96412e-05
0.00242078
0.000413814
0.000112476
2.37869e-06
0.000178181
0.00061616
0.00471123
0.00152417
0.000118389
0.00305748
0.00948278
0.0188386
0.0306352
0.0335348
0.0210773
0.0236873
0.0263699
0.0395759
0.026858
0.0160699
0.00899757
0.0181541
0.00977242
0.00464424
0.0119459
0.00554939
0.00201027
0.00311736
0.000738652
0.00148103
0.000116008
0.00300511
0.000487997
8.31388e-05
0.00128578
0.00615775
0.0141235
0.0164645
0.00859865
0.0175153
0.0100479
0.0121272
0.0143351
0.00714475
0.00896061
0.00413086
0.00559156
0.00722237
0.00263184
0.00384222
0.00109545
3.16399e-05
0.000420366
0.0020568
0.00545808
0.000659138
0.00301559
0.00175525
0.00494347
0.00325063
0.00194454
0.00522184
0.00906823
0.00664862
0.00465683
0.00909016
0.00669217
0.00471354
0.000414033
0.00206159
0.00539417
0.000624845
0.00248536
0.00540121
0.000632933
0.000425975
0.00409949
0.0055023
0.00205615
0.00311711
0.00949396
0.0113979
0.0134144
0.00729799
0.0031967
0.000559996
5.89352e-05
0.00137918
2.86864e-05
0.000278824
9.05401e-05
0.00154421
0.00398043
0.000240838
1.38729e-05
0.000834
0.00335745
0.00652202
0.00456955
0.00806794
0.0135472
0.0186383
0.0259557
0.0321579
0.0408412
0.0347094
0.0175407
0.02306
0.00996843
0.0074449
0.0053458
0.00363898
0.00775114
0.00562247
0.00388141
0.00805967
0.0134482
0.00429387
0.00281214
0.00650341
0.00102556
0.000410632
0.00200119
0.0010746
0.000448223
0.00205977
0.00538829
0.0100226
0.0157677
0.02245
0.018398
0.0148488
0.0213534
0.0273681
0.0352886
0.0437737
0.0375793
0.0320167
0.0387558
0.0457608
0.0548647
0.0643106
0.074012
0.0818585
0.0896884
0.0998957
0.110137
0.117917
0.0790584
0.0698457
0.0796568
0.049783
0.0430722
0.050305
0.0282703
0.0347702
0.0294955
0.0360087
0.0445291
0.0383535
0.0452774
0.0247109
0.0109261
0.0156967
0.0210302
0.0268217
0.0123007
0.0171641
0.0138132
0.0109075
0.015529
0.0206758
0.0084524
0.013904
0.00455247
0.00794557
0.00162147
0.00468394
0.00316993
0.00615212
0.000909187
0.00283831
0.00172313
0.00485968
0.000480386
0.00258294
0.00614058
0.0109411
0.00303818
6.81923e-05
0.00107451
0.0037177
0.00238332
0.00580303
0.0104529
0.0161458
0.0215667
0.0176403
0.0231609
0.0306128
0.0257237
0.0318723
0.0400631
0.0342651
0.0425731
0.0365703
0.044975
0.0246415
0.0204459
0.0274761
0.035137
0.0433094
0.037258
0.0441899
0.0240767
0.0106146
0.00287826
0.00588926
0.000830544
0.00317613
0.00197802
3.1209e-06
0.00207443
0.003046
0.00075158
0.00139782
0.000112453
0.000219927
0.00151974
0.000763276
0.000312262
0.000150146
0.00166049
2.63223e-05
0.000401699
0.000608455
0.00448779
0.00580332
0.00724179
0.00879028
0.0104367
0.01217
0.0220186
0.0137427
0.00768362
0.00355045
0.010026
0.0191833
0.0212911
0.0234422
0.0149793
0.00869346
0.0174054
0.0194366
0.0308661
0.0441051
0.0293029
0.0195616
0.0309554
0.0192067
0.021334
0.0330451
0.0208422
0.0230239
0.0252454
0.0150476
0.00866838
0.00423152
0.00107086
5.3671e-05
0.000312843
0.000158082
0.000981176
3.61564e-05
0.000269154
6.46231e-05
0.000975711
0.0028357
5.4193e-05
0.000915914
0.000205489
8.75167e-05
0.00101327
0.00016192
0.000530119
0.00418917
0.00153497
4.9698e-05
0.000554015
0.000153701
2.52113e-06
0.00171353
0.00259882
0.000349926
0.000144331
1.5516e-06
8.4692e-05
0.000205433
0.00086261
3.1036e-06
0.00169758
0.00257635
0.00827645
0.00988004
0.00428119
0.00109586
6.60932e-05
0.000471355
0.00251108
0.00512845
0.000633014
0.00285098
0.00644253
0.0112016
0.00333142
0.00627884
0.00106316
0.00303251
0.00670129
0.0104385
0.00793853
0.00176499
0.00480683
0.00908722
0.00678831
0.0105648
0.0162073
0.00612959
0.00977511
0.0152661
0.0216225
0.0286952
0.0363523
0.0427561
0.0365793
0.019317
0.00801318
0.00587097
0.00950606
0.00714508
0.00143207
0.00362678
0.0066342
0.004746
0.00898742
0.00227005
0.0055254
0.00994428
0.00751697
0.00548674
0.00985936
0.0142093
0.0202953
0.0165447
0.0229005
0.0299033
0.0251097
0.0116248
0.0172009
0.0138412
0.0197142
0.00823112
0.00191153
0.00483827
0.000564131
0.000157214
2.77067e-06
0.000697744
0.000294554
0.000127801
2.13605e-07
0.000101054
0.000410019
2.88002e-05
0.00138275
6.22133e-05
0.00246568
0.000399016
0.00372353
0.00996731
0.0117044
0.0135222
0.0154103
0.0087998
0.0171467
0.0191673
0.030003
0.0323075
0.0346238
0.0226357
0.0340714
0.0470254
0.0332875
0.0224532
0.0133581
0.00739137
0.0151905
0.00874848
0.0169804
0.0190242
0.0108166
0.00514903
0.0120176
0.00645179
0.00276184
0.00384172
0.00124434
9.9309e-05
0.000349195
0.0017307
0.00400957
0.00790559
0.0117826
0.00377586
0.00674596
0.010351
0.00303925
0.000122063
0.000938595
4.87724e-07
0.000132602
0.000484085
4.80521e-06
7.25535e-05
0.000220415
1.55174e-05
0.00105283
0.00044918
0.000105772
0.000999368
0.00170492
0.00256776
0.000655087
1.71419e-05
0.0010501
0.000456435
0.00237127
2.24125e-05
3.2242e-05
0.00218685
0.000464048
5.86396e-05
0.000927721
0.00329141
0.00209206
4.1324e-06
6.8952e-05
0.000229064
0.00182178
0.000990819
0.00337917
0.00018957
1.03862e-05
0.000956995
0.000143209
0.000480891
4.49409e-05
0.00121735
0.00550714
0.00224285
0.00738084
0.00888996
0.0169879
0.0270305
0.0167714
0.0187537
0.0207806
0.0228445
0.0339176
0.0220908
0.0330156
0.0453489
0.0310983
0.0431806
0.0294597
0.0317632
0.0206211
0.012705
0.00655986
0.00258726
0.00363217
0.00108569
5.0071e-05
0.000302541
0.000750287
0.00137486
7.68529e-05
0.000328467
5.48556e-05
8.86634e-06
0.000550289
0.0023586
0.00507064
0.00887696
0.0131837
0.00460241
0.000549375
0.00220851
0.00507473
0.00858463
0.0127556
0.017466
0.00714986
0.0109962
0.00346007
0.00221038
0.00472927
0.00857809
0.0126202
0.0171657
0.0231834
0.0107785
0.0150965
0.0120087
0.00935418
0.00261737
0.00522571
0.00925865
0.0133043
0.00475428
0.000630393
0.00222979
2.15651e-05
0.00126648
0.00205323
0.000258215
0.000136808
7.97497e-07
0.000768143
0.00027554
0.000593195
0.00397521
0.00112807
0.00187812
0.00278595
0.000575703
1.11133e-05
0.00135724
0.000122398
0.00253579
0.00765186
0.015015
0.00867532
0.00426768
0.00152168
0.000107891
0.000281588
0.000558642
1.00382e-06
0.00147914
0.000178974
0.000199206
0.000671847
0.0040622
0.00140886
8.02134e-05
0.000330023
0.000477967
7.01212e-06
7.11107e-05
0.000231545
0.000604461
0.00122423
0.00519797
0.0114796
0.00570112
0.00238622
0.000558561
4.70397e-08
0.00148306
0.00236881
0.0071862
0.0141286
0.0228184
0.0329263
0.0441664
0.0468509
0.0591724
0.0618803
0.0645607
0.0484452
0.0353365
0.0230777
0.0331575
0.0230178
0.0137539
0.00807445
0.00408799
0.00110438
0.00483967
0.0107905
0.00597864
0.0123452
0.0143658
0.00862204
0.0103935
0.005783
0.00730141
0.0141246
0.00728184
0.00286651
0.00783916
0.0147825
0.00781231
0.00954156
0.0113804
0.0192603
0.0122675
0.00609695
0.012454
0.00719375
0.0138914
0.00720492
0.00287313
0.00778186
0.00324913
0.00834246
0.00362391
0.00888665
0.0159842
0.0245809
0.027178
0.0298162
0.0190776
0.021475
0.0239309
0.0156307
0.00858351
0.00383796
0.00107899
6.78885e-05
0.000225627
9.25094e-06
7.31444e-05
0.000390979
1.34007e-05
5.99578e-05
0.000352692
7.5022e-05
0.00085883
0.00158632
0.000135886
0.000226606
0.000539048
1.45917e-05
0.00113877
0.00196123
0.0029687
0.000690212
2.24032e-07
0.000666988
0.00233699
7.0338e-05
0.000859845
0.00421337
0.00559383
0.0116444
0.0193653
0.0216937
0.0132961
0.0153691
0.017518
0.0197312
0.0289326
0.0392239
0.026909
0.0369543
0.0396084
0.0272969
0.0178557
0.0266961
0.0172118
0.0194553
0.0285263
0.0186862
0.0209859
0.0302608
0.0328363
0.0221135
0.0245036
0.034229
0.0368442
0.0253502
0.0164394
0.00948958
0.0113312
0.0132681
0.00742914
0.003449
0.000958935
0.00172149
0.00581395
0.00230471
0.000485435
0.00107268
0.0046141
0.0102228
0.00516108
0.0109602
0.00570804
0.00230908
0.00338964
0.00841827
0.00400616
0.00929896
0.0163039
0.00956576
0.0166133
0.0188391
0.021125
0.0131196
0.00726731
0.0089372
0.00440758
0.00578864
0.00240128
0.00049435
0.00330487
0.00454092
0.00592267
0.00743331
0.00344586
0.00106577
4.26958e-05
0.0018233
0.00278894
0.00391717
0.00132241
0.00216061
0.00316586
0.000856824
2.08326e-05
0.000233684
0.000658182
3.46445e-08
0.000116916
0.000169936
0.00126883
0.00324985
0.000291855
3.58574e-05
0.000916267
0.000359804
0.000357761
0.00298554
0.000778903
0.00142982
0.000165834
0.00238801
0.00339481
0.00841965
0.00417043
0.00139067
0.000132777
0.000164138
0.00128107
0.0033055
0.00608207
0.00430267
0.000652702
0.00234308
0.00479538
0.00790872
0.0119037
0.00921067
0.00295369
0.00576039
0.00404379
0.000564233
0.000162652
0.00122595
0.000568972
0.00205505
0.00430482
0.00289819
0.00573469
0.0093045
0.00705477
0.0105259
0.00811896
0.00236404
0.00497487
0.00346161
0.00615917
0.00941413
0.00305191
0.000251016
0.00155046
0.00380151
0.00684783
0.0103029
0.0145923
0.01899
0.0241681
0.0296457
0.0353474
0.041208
0.0242572
0.0296049
0.0248416
0.0206355
0.0256209
0.0132472
0.00528498
0.00859807
0.0124178
0.016666
0.00741305
0.00207583
0.00435709
0.00292912
0.000236408
0.00136347
5.64499e-07
0.000121481
0.000438757
3.78414e-06
6.70906e-05
0.000323498
0.000753591
0.00133946
0.00497885
0.0105218
0.0176236
0.0110536
0.0126459
0.0142864
0.0159668
0.00930242
0.00498566
0.00617694
0.00744925
0.00879186
0.0101949
0.00522416
0.00203645
0.00618382
0.00286255
0.000739839
0.00378924
0.00485505
0.0018378
0.0026423
0.00355794
0.00124388
0.000150656
0.000146608
5.69053e-06
0.00113378
0.00178478
0.000362308
0.00290044
0.000762024
0.00131958
0.000180462
0.00235137
0.000506574
4.31646e-06
5.47144e-05
0.00182644
0.00260976
0.000749293
2.51271e-05
0.000258339
0.000417566
1.97222e-05
0.000980769
0.00159884
0.00233864
0.00318645
0.00791345
0.00411191
0.00923352
0.00507089
0.0019197
0.000456357
0.00308186
0.00403418
0.00908578
0.0104698
0.0119
0.0191558
0.0116644
0.0131444
0.0146579
0.0161981
0.017759
0.0114146
0.00671375
0.00290877
0.000753068
0.00128627
0.00193594
0.00593148
0.00707607
0.00319435
0.0041076
0.00921752
0.00507439
0.0019569
0.000478532
0.000917385
7.84797e-05
0.000128553
0.000603904
0.0010811
5.30875e-05
0.000164279
1.33348e-05
0.000758467
8.54955e-05
0.000319494
0.000686764
0.0011732
7.90406e-05
0.000227934
0.00142778
0.00317865
0.000323116
0.00138813
0.000761244
0.00248591
0.00457418
0.00712079
0.0108605
0.00400662
0.00704023
0.00195647
0.00387468
0.000571282
0.00214267
0.00455088
0.00765295
0.00229261
0.00141604
0.000769175
0.000330532
0.000313743
0.00265458
0.00349809
0.00112827
8.89323e-05
0.000138899
6.8643e-06
3.87885e-05
0.000210789
0.00116051
0.00307913
0.00206254
0.00403017
0.000632514
0.000251789
4.77192e-05
3.03111e-06
0.000451004
0.00162546
1.02351e-05
2.8696e-05
0.000315117
7.9039e-05
0.000810357
0.00250022
0.0049509
0.000999291
2.38631e-05
0.000316658
0.000317589
0.000675011
6.52291e-06
0.000121921
0.000100286
0.000632921
3.19611e-06
0.0013099
0.000196041
4.76087e-05
0.000841921
0.000387294
0.00151806
5.86582e-06
0.0010232
0.00011154
0.000358077
2.58207e-06
0.000592485
0.00210018
0.00404115
0.00285256
0.00497675
0.00105238
0.00253313
0.00503276
0.00367519
0.000535079
0.00200494
0.00387664
0.00272252
0.00477037
0.000973072
0.00048081
0.0015971
0.00373715
0.00598392
0.00858075
0.0114529
0.0157251
0.0191242
0.0240903
0.0204232
0.0254217
0.0136024
0.0169131
0.02036
0.0238982
0.027489
0.0311003
0.0267588
0.0302945
0.0338246
0.0195638
0.0247033
0.0210011
0.0261818
0.0223623
0.0275698
0.0236461
0.0288681
0.0325334
0.0361851
0.0314946
0.0178414
0.0211385
0.024498
0.0209288
0.0105389
0.0147272
0.0178461
0.00852778
0.0124226
0.0051231
0.00380698
0.00672529
0.0102407
0.00821338
0.00269158
0.00181361
4.29536e-05
0.000839356
0.000410167
0.000140251
0.00114085
0.0025766
0.00173491
3.15374e-05
0.00077195
5.41595e-05
0.00163531
0.00512297
0.00247333
0.000625419
0.00323365
0.00102709
0.00154991
0.000354039
1.77395e-05
0.000851486
3.47704e-05
0.00149066
0.00210301
0.000485857
0.00289422
0.00103281
0.00156437
0.000257389
0.000567331
1.32766e-05
0.000235241
4.72481e-05
0.000629452
0.00211288
0.00388843
0.00604965
0.00851753
0.0121817
0.0152231
0.0126045
0.0156196
0.0187518
0.0157791
0.0188627
0.00934634
0.0120085
0.00980287
0.0124538
0.0152369
0.0069952
0.005442
0.00135325
3.93555e-06
0.000946581
0.000156672
0.000125664
0.00112996
0.00299993
0.000370048
0.00011575
0.00075723
4.13319e-05
0.000202217
0.00209674
0.00569955
0.00665304
0.00304474
0.000916295
4.56579e-05
0.00148654
0.00208472
0.000470016
9.09296e-07
0.000367351
0.000195712
2.18821e-05
0.000689752
0.000304609
0.00146067
1.66204e-05
1.73675e-05
0.0012882
0.00185666
0.00526914
0.00229372
0.00060462
0.00302529
0.00114255
0.00404131
0.00178516
0.000493279
1.13583e-05
0.000342868
0.00153442
0.00344148
0.00593819
0.00170469
0.00334012
0.00537477
0.00397599
0.00282723
0.000351
0.000100517
0.000947309
0.00253615
0.00167109
0.00327785
0.0052775
0.00393339
0.00602299
0.00174398
0.00329748
0.00580984
0.00882881
0.00697073
0.00947925
0.0130143
0.01601
0.0133014
0.0162583
0.0079015
0.00276382
0.00455504
0.0066445
0.00209473
0.00014765
0.000815606
0.00193401
0.000112641
4.88222e-06
0.000346411
0.00017592
0.000441573
4.24193e-06
0.000831146
0.00130947
0.00187269
0.00251035
0.000673796
0.00306137
0.00129994
0.00185522
0.000608436
0.00291848
0.00124999
0.00409444
0.00203475
0.00533949
0.00987414
0.0154003
0.0217129
0.0286361
0.0212072
0.0135051
0.0090482
0.0101739
0.0156862
0.0108251
0.0164184
0.0177003
0.0241679
0.0177263
0.0107983
0.0163446
0.0114093
0.0126158
0.0138353
0.0150633
0.0104663
0.0116082
0.0172927
0.0185421
0.0113837
0.0170172
0.0103124
0.011463
0.00758039
0.00363304
0.00446518
0.00170293
0.000294748
0.00061649
0.00103728
0.00362534
0.00748888
0.0044906
0.00537405
0.0022842
0.00558633
0.00653756
0.00305486
0.000970327
0.00147431
0.00205886
0.00271381
0.00622559
0.00717899
0.0035449
0.00737307
0.00370783
0.00452156
0.00538135
0.00242613
0.00311413
0.00107526
0.00157827
0.00215351
0.000580901
3.44833e-05
0.00017893
0.00180458
0.000416344
0.00240059
0.00307339
0.00672414
0.00766729
0.00404964
0.0018807
0.000463758
9.18698e-07
0.000339825
0.00124452
0.00261066
0.00176703
0.00354922
0.00579237
0.00178043
0.00334241
0.00235947
0.000265279
6.68046e-05
0.000732756
0.00201401
0.00365956
0.00564888
0.00171954
9.62224e-05
0.000816636
0.0021402
0.000209194
0.00106363
0.000569053
0.000237954
0.000214476
1.50017e-05
1.58725e-05
0.00013331
0.000354327
0.000667064
5.15908e-05
0.00130066
0.000296103
2.41455e-07
0.000822135
0.00125444
0.000206427
0.000459725
1.66197e-06
0.000920697
0.00332253
0.00129709
0.00181586
0.00478303
0.0088552
0.0138151
0.00871285
0.0136237
0.0087736
0.00498359
0.00238776
0.00306134
0.00378836
0.00456099
0.00213656
0.000683874
4.58739e-05
0.000130283
0.00031911
0.00205817
0.000657101
5.06566e-05
0.000105235
5.46732e-06
0.000686804
0.00281135
0.00100937
0.000138217
0.000367792
4.71891e-11
0.000304114
8.67784e-05
0.000736583
0.00192963
0.00123529
0.000712897
0.00187398
0.00347084
0.000737225
7.17364e-06
0.000233943
0.00103432
4.85729e-06
0.000377671
0.00126736
0.00257745
0.00039709
0.000137827
0.00028326
5.84815e-06
0.000422014
0.00015178
1.94569e-05
0.000447495
0.00135881
4.74497e-05
6.77854e-07
0.000244868
0.00112172
0.00233473
0.004174
0.00639123
0.00890955
0.00375134
0.00583697
0.0019731
0.000207048
0.000190752
0.00162358
0.00424623
0.00508707
0.00890792
0.00533603
0.00623445
0.00344596
0.00678793
0.00387804
0.00468157
0.00217432
0.00282543
0.00104627
0.000208601
0.000473832
0.00226302
0.000855669
0.0029708
0.00111872
0.000250156
0.000534995
0.00236824
0.00303248
0.00374854
0.00450858
0.00233334
0.000938891
0.000106869
7.69694e-05
0.000716226
0.00170681
0.00302045
0.00502893
0.00160489
0.00319532
0.00518787
0.00170116
0.000152449
0.00076904
0.00177715
0.00342382
0.000828587
7.68019e-07
0.000273797
0.00116322
0.00256358
0.00411347
0.00296727
0.000633584
5.45687e-06
0.000792949
7.65058e-05
9.06092e-05
1.4489e-06
0.000613682
0.00241652
0.000946675
0.000131449
4.48342e-05
0.000565587
0.000225142
0.000991013
1.56093e-05
1.82414e-05
0.000166537
0.000844678
0.0019967
0.00125477
5.86684e-05
3.04094e-07
0.000260577
0.000109272
4.88587e-05
0.000359678
0.00187719
0.00438152
0.00768366
0.00873582
0.00524792
0.00617439
0.00713571
0.0040312
0.00486595
0.00829965
0.0123519
0.007997
0.00902203
0.0131651
0.00852214
0.012573
0.00811789
0.00916297
0.0055878
0.00652143
0.00748646
0.00430464
0.00211733
0.00276926
0.00559023
0.00303323
0.00592328
0.00318228
0.00610302
0.00333676
0.0014918
0.00375085
0.00457323
0.00232888
0.000850615
0.00273086
0.00110721
0.000239969
3.49456e-06
3.86026e-05
0.000109858
0.000685355
0.000305666
0.00109784
0.00228016
0.00378192
0.00110472
0.000593471
0.000250789
0.000954582
0.00212803
0.000351383
0.000108284
0.00069307
0.00170096
0.000202142
0.000884631
0.00197648
0.00342778
0.000940601
2.03845e-05
1.24064e-05
0.000160107
1.99584e-05
0.000418147
0.00125869
8.18308e-05
0.000612375
0.000264854
0.000982354
0.00212067
0.00137571
0.000811463
0.00183532
0.00324647
0.00489138
0.00673726
0.00873417
0.00696172
0.00920324
0.00738759
0.00963474
0.0118407
0.0097208
0.00788196
0.0101616
0.00493694
0.00689061
0.00891727
0.00718339
0.00304729
0.000755201
0.000385285
0.00120597
0.00239328
0.00385118
0.00115714
5.95018e-05
0.000537284
5.66081e-06
0.000178792
0.000793858
0.000404673
2.71946e-05
0.000105535
0.000616481
0.000284218
8.47692e-05
0.000618595
0.000292697
0.00103098
0.00213052
0.000372086
0.0011409
0.00227583
0.000436272
1.82051e-05
0.000128544
0.000172898
0.00130442
0.000357271
6.61833e-06
0.000677171
0.00106576
0.00025218
0.000516486
3.67648e-05
0.000858667
0.00127674
0.000351682
0.0016972
0.00223285
0.00281601
0.00123484
0.00170089
0.00221831
0.000884363
0.00266625
0.00117944
0.00312019
0.00578213
0.00655719
0.00391758
0.00459961
0.00530576
0.00603097
0.00934236
0.0131047
0.00899853
0.0126975
0.0135598
0.00899159
0.00981395
0.0136019
0.00907828
0.0127622
0.00869038
0.0123054
0.00839141
0.0054058
0.00850929
0.00934088
0.0129949
0.0090554
0.00601241
0.0091911
0.00616335
0.00693352
0.00771534
0.0111427
0.0119887
0.00762619
0.00442354
0.0072917
0.00466631
0.00537567
0.00841825
0.0118895
0.00830459
0.00912158
0.0126612
0.0165074
0.0173821
0.0128073
0.0136646
0.0175764
0.0184287
0.0225921
0.0158922
0.0115969
0.0124475
0.013292
0.0141285
0.0149553
0.0109152
0.0077115
0.00521781
0.00817691
0.00562203
0.00286954
0.00528902
0.00267312
0.00102123
0.00143477
0.000363338
1.92617e-06
0.000117354
1.40706e-05
9.25951e-06
0.000189769
4.57498e-05
1.39779e-09
4.11566e-05
3.48114e-05
0.000303481
0.000795118
0.00146535
0.000186176
4.73042e-05
0.000315938
0.000120761
2.00711e-05
0.000333398
0.000572292
0.000861748
0.000117808
0.00027586
1.06478e-06
2.50709e-05
4.33911e-05
0.000530743
7.08634e-07
0.000539641
0.00195552
0.0040836
0.0024463
0.0029394
0.00121837
0.000477809
9.32865e-05
0.00023936
0.00135212
0.00174734
0.00217396
0.00262691
0.00144021
0.00182743
0.000906188
0.000334118
5.21668e-05
0.000163467
0.000328357
0.00155224
0.000404678
4.03529e-06
5.90149e-05
9.18261e-05
1.31982e-05
0.000356558
0.000576589
0.00201337
0.00103141
0.000407641
0.00169326
0.000493279
0.000744396
0.00228211
0.000828269
0.00240842
0.000916672
0.00032
0.00149756
0.00338801
0.0019971
0.00102736
0.00268624
0.00495182
0.00252835
0.0013925
0.000357292
0.00153882
0.000439815
1.46957e-05
0.000150203
3.3675e-05
0.000281846
0.000106146
0.00043479
0.00128312
0.000833554
3.29574e-05
1.06208e-07
0.000237948
4.71091e-05
8.07319e-05
0.000399667
5.95006e-06
6.9561e-05
5.63098e-05
0.000200011
0.00118546
0.000455644
8.3084e-05
5.37224e-06
0.000353166
0.000590262
5.48907e-05
0.000778229
0.000122512
2.23292e-05
2.23363e-06
0.000495962
0.000766982
0.00219965
0.00421209
0.00668662
0.00394717
0.00451448
0.00703553
0.00423774
0.00250742
0.0030025
0.00351888
0.00174596
0.00359019
0.00591555
0.0065386
0.00424637
0.0066901
0.0094825
0.0125408
0.0157948
0.0116836
0.0084019
0.00906997
0.0120627
0.00799706
0.0086644
0.00599333
0.00661792
0.00442818
0.00500149
0.00558367
0.00312407
0.00179359
0.00360265
0.00586488
0.0064743
0.0043551
0.00225228
0.00119527
0.00156795
0.000502379
3.95896e-05
7.80481e-05
0.000378121
0.000166066
0.000532861
0.00106365
0.00172386
0.00118666
0.00185534
0.000420005
4.3577e-07
4.27073e-05
1.49993e-05
0.000264242
6.96083e-09
0.000395045
7.71183e-05
0.000208762
0.00111227
0.000270309
0.000478985
0.0016245
0.00331357
0.00543682
0.00360714
0.00223596
0.00124998
0.000586164
0.000190454
0.00104855
0.000222637
2.39478e-05
0.000115055
0.000266155
6.40652e-08
3.13474e-05
1.56026e-05
0.000246443
5.32335e-07
0.000100781
9.7033e-05
3.84041e-05
0.000178555
0.000358097
7.45421e-05
5.2777e-05
0.000491892
0.00130818
0.000852942
0.000507846
0.000260732
1.68432e-05
0.000532411
0.00166833
0.00330555
0.00159355
0.00319568
0.00519731
0.0034382
0.00547389
0.006058
0.00414222
0.00268113
0.00455132
0.00510635
0.00566791
0.00623326
0.00866474
0.0113054
0.014098
0.0169939
0.0118784
0.0146673
0.015276
0.0105798
0.00776221
0.00552479
0.00377841
0.00188637
0.00231713
0.0040629
0.0026408
0.00115101
0.002526
0.00429798
0.0028185
0.00126855
0.00165066
0.00206363
0.0037213
0.00237919
0.00410469
0.00614525
0.00357516
0.00226355
0.00393972
0.00256322
0.00304873
0.00355307
0.00175119
0.00328998
0.00206931
0.000811885
0.00113416
0.000306363
5.35816e-05
0.00017055
0.000344281
7.33328e-05
0.000678391
0.00179944
0.00221524
0.00386578
0.00198925
0.00110902
0.000296121
5.18842e-05
4.57125e-06
0.000247135
0.00105269
0.00231443
0.000976992
0.00132304
0.00267984
0.00122447
0.00159963
0.000829691
0.000337006
0.00120711
0.000585676
7.29182e-05
0.000203727
2.22062e-05
1.77532e-05
0.000180317
3.04596e-06
1.81273e-05
0.000100064
2.26996e-05
1.40896e-06
6.00778e-05
0.000465298
0.000231085
1.01806e-05
7.74411e-05
2.30854e-07
0.000289031
5.61726e-05
1.90016e-06
0.000245968
6.62745e-06
0.000137148
0.000630095
0.000346683
5.55646e-08
8.37849e-05
0.000305493
0.000637534
0.00145528
0.00252406
0.00379153
0.00166519
0.00228911
0.00350829
0.00488666
0.00638582
0.00338641
0.00419063
0.00561559
0.00714045
0.00579425
0.00730561
0.0082756
0.00680764
0.00836944
0.00476978
0.00231146
0.00166947
0.00234649
0.000824472
0.000489206
0.0011522
0.00175192
0.00277478
0.00206526
0.00278572
0.00397051
0.00308825
0.0023478
0.00344783
0.00146314
0.00211772
0.0031767
0.00400298
0.00486046
0.00623599
0.00506768
0.00596476
0.00740675
0.00410316
0.00538556
0.00272949
0.00352234
0.00271688
0.0034886
0.00471845
0.00560256
0.00700045
0.00845185
0.00702704
0.0084546
0.00704647
0.00581948
0.00300509
0.00411953
0.00532322
0.00629044
0.00515807
0.00418001
0.00334056
0.00139411
0.00033081
0.000725457
0.00141049
0.000342539
0.000741529
0.000458731
0.00104117
0.00162377
0.000447375
1.04455e-05
0.00022244
0.000668723
6.03394e-05
0.000357008
0.000779153
0.00131986
0.000908705
0.000587037
0.000344869
7.27918e-07
0.000106488
2.61494e-05
0.000200774
1.04193e-05
7.67027e-05
0.000399477
0.000930665
0.00149547
0.00232863
0.00308658
0.00413387
0.00194284
0.00142877
0.000368186
0.000775239
0.00129015
0.00188827
0.000606782
0.00123054
0.000284087
0.000641076
6.04373e-05
0.000361098
0.000178517
0.000582799
0.00117235
0.00190967
0.002632
0.00341035
0.00151913
0.000432712
0.000854206
0.00153133
0.000443445
0.000867816
0.000145406
1.7854e-05
8.77045e-05
5.62241e-06
8.46179e-06
0.000335669
4.0171e-05
1.24001e-05
0.000207796
7.7235e-05
0.000370691
6.71104e-06
7.11135e-06
6.69947e-05
0.000309067
0.000142754
4.30723e-05
0.00028653
0.000666639
0.00116384
0.00187066
0.00136937
0.00210247
0.00283703
0.00375838
0.00177146
0.00128858
0.00191243
0.00065544
0.0011412
0.000778126
0.000495838
0.00101719
0.00157592
0.0011421
0.000262404
7.07484e-08
0.000245651
0.000905514
0.000322958
6.02833e-05
3.08128e-06
0.000113084
2.7255e-05
9.81225e-05
0.000206911
0.000827773
0.00027167
2.47685e-05
1.90639e-05
0.000219888
0.000538051
4.50022e-05
2.8392e-06
0.00014971
0.000428472
0.000917965
0.000606319
0.000368636
0.000742651
0.000109876
3.0487e-05
9.85158e-05
0.000594368
0.000160067
2.79548e-06
0.000272997
0.000431134
0.000615907
0.000180374
0.000760865
0.0016669
0.000875675
0.000365403
8.73657e-05
5.6673e-08
6.81623e-05
4.86888e-05
0.000131282
0.000247739
0.000874012
0.000394547
0.000117054
5.6933e-06
0.00028546
0.000928547
0.000451597
7.96281e-05
0.000523499
0.000196455
4.38833e-06
4.52795e-05
0.000124498
0.000236869
0.000841361
0.000396283
0.000130504
0.000243452
5.64651e-05
1.82364e-05
1.05951e-07
2.2252e-05
0.000360467
4.68473e-05
0.00012178
9.18001e-06
6.83297e-05
0.000354969
0.000193731
0.000578289
0.00112424
0.000795797
0.00139389
0.00042276
2.3717e-05
0.000224458
0.00059768
0.000998539
0.000691128
0.00110128
0.000282422
0.000688651
0.000445992
0.000797832
0.00137518
0.00188692
0.00243686
0.0032757
0.00417325
0.00340923
0.00405507
0.00207148
0.00159364
0.0011956
0.000328501
7.47381e-06
2.26194e-06
4.20713e-05
6.67018e-05
1.10049e-10
0.000201415
0.000754049
0.000343324
0.000490701
0.00121836
0.00219372
0.00246265
0.00367878
0.00503699
0.00325887
0.00194438
0.00116638
0.00139634
0.00240158
0.00132956
0.00156918
0.00089542
0.00175987
0.00201694
0.00313803
0.00209199
0.00110573
0.00132986
0.00073779
0.000244521
0.000806987
0.000289082
0.000429231
0.000588882
0.000764915
0.000348417
0.000978293
0.00185557
0.0021074
0.00113663
0.00205434
0.00111237
0.0005714
0.00129692
0.00152916
0.00176886
0.00105015
0.00193572
0.00102345
0.00123577
0.00216623
0.00134651
0.000629307
0.000265445
3.27391e-05
4.51643e-06
0.000129115
1.15864e-06
7.30687e-05
0.000308139
0.000164568
6.91486e-05
0.000247312
0.000125481
8.18989e-06
0.000256517
0.000383798
0.00100612
0.000433228
0.000144409
4.43183e-06
3.32554e-05
0.000218475
5.2011e-07
7.12422e-05
0.000244439
0.000499043
0.000309298
0.00017028
0.000387923
0.000670286
0.00100255
0.000276513
0.000516882
0.000808039
0.00136862
0.00176553
0.00135408
0.00201556
0.00245381
0.00112245
0.00149007
0.00217474
0.00170513
0.00240676
0.00317256
0.00159546
0.000606347
0.000106055
0.000373463
0.000216792
0.000106723
3.76516e-05
0.000165164
7.48535e-05
0.00031293
0.000683594
0.00102468
0.00029515
0.000165124
0.000369291
0.000764405
0.000531761
0.000971101
0.000703506
0.00104399
0.000768068
0.000544071
0.000846957
0.0006123
0.000423716
0.000830601
0.0013341
0.0010269
0.00140353
0.00109095
0.00163842
0.00129645
0.00169687
0.000650473
0.00110698
0.00149056
0.00117083
0.00036084
0.000231751
1.38017e-06
6.25678e-05
3.15843e-05
1.71522e-06
3.72438e-06
2.17649e-05
0.000187706
0.000382195
0.000773423
0.00126299
0.000418108
4.01485e-05
0.000160644
8.17577e-05
1.88737e-05
2.41358e-05
0.0001281
0.000390731
0.000648152
0.000459783
0.00072457
0.00102524
0.00156647
0.00123869
0.00159117
0.00126514
0.000424277
0.000669729
0.000948634
0.000262636
0.000158762
8.38676e-05
1.71553e-05
4.38222e-06
0.000127388
0.000395449
0.000630701
0.000453358
5.37468e-05
1.6557e-05
0.000167696
9.12373e-05
3.98016e-05
4.5969e-05
0.000361761
0.000928195
0.00169507
0.00184512
0.00199429
0.00297008
0.00184285
0.00278873
0.00193028
0.00208333
0.00223486
0.00151064
0.000782777
0.000907716
0.0016598
0.00180618
0.000999602
0.00113186
0.000546247
0.000189543
0.000640447
0.000306641
0.000826917
0.000438896
0.000187132
0.000628638
0.0012764
0.000640704
0.000242551
0.000331886
0.0001193
0.000500013
0.000614062
0.000733801
0.000858041
0.000377104
0.000146289
0.000216936
6.07551e-05
0.000377527
0.000918701
0.00104987
0.000613152
0.000311416
6.4771e-05
3.0109e-06
0.000184861
1.8066e-05
0.000252457
0.00071674
0.000843246
0.00097356
0.000447679
0.000554383
0.000197203
2.66064e-05
0.000277777
6.08244e-05
0.000364035
0.000104833
9.64787e-06
1.25085e-05
0.000128867
0.000348193
3.48254e-05
3.6322e-05
0.000295115
7.39704e-05
0.000381461
0.000885096
0.001545
0.000887282
0.00103787
0.00119256
0.000676141
0.000810207
0.00038049
0.00049034
0.00103524
0.00118419
0.000673904
0.000327238
0.000428612
0.000144513
1.52545e-05
1.35564e-05
1.61104e-07
7.44125e-06
1.75798e-05
0.000113157
0.000276874
0.000494128
9.1447e-05
3.83988e-05
3.0012e-05
1.10064e-06
7.67192e-05
0.000212774
0.000466765
0.000793342
0.000233404
0.000485725
0.000804353
0.00117454
0.000445409
0.000714697
0.000517234
0.00083597
0.00120285
0.000929574
0.000308069
0.000565087
0.000127966
0.000307732
0.00054493
0.000862792
0.000641668
0.000461202
8.39028e-05
0.000234073
0.000138887
0.000311609
0.00057762
0.000134953
0.00033077
3.83624e-05
8.59259e-06
3.27141e-08
3.98902e-05
0.000152895
5.40641e-07
0.00010275
0.000165012
3.60898e-05
0.000270158
0.000358359
0.000142828
1.5482e-05
1.2662e-05
0.000111555
0.000266646
0.000514765
0.000112758
5.27854e-05
0.000194749
5.97634e-06
6.9136e-05
9.51173e-07
0.00013144
1.97367e-05
5.45598e-05
0.000304747
9.37734e-05
7.75189e-06
0.000170511
0.000248126
0.000636221
0.000314259
0.000115544
0.00041812
0.000181737
0.000526906
0.000642833
0.000335111
0.000753802
0.000351827
0.00077399
0.000905374
0.000521177
0.000999493
0.00158624
0.000933594
0.00150364
0.000966851
0.00153887
0.000900855
0.000518358
0.00098191
0.000508189
0.000628708
0.0011206
0.000680281
0.000811034
0.00134293
0.00196082
0.00133432
0.00194644
0.0021138
0.00146777
0.00209424
0.00278037
0.00182127
0.00110781
0.00126099
0.0018536
0.00202179
0.00218895
0.00287885
0.00206967
0.00129581
0.00145107
0.0016073
0.00224145
0.00240541
0.00169386
0.00114347
0.00128802
0.00143385
0.000952325
0.000479337
0.000912956
0.000459278
0.000174855
5.09702e-05
1.09827e-07
7.83209e-06
1.87459e-05
0.000120798
0.00025921
0.000491014
0.000773988
0.000275606
0.000167644
8.95796e-05
4.47325e-07
0.000102816
0.000360688
0.000743413
0.000372342
0.000477087
0.000589012
0.00027521
8.86201e-05
7.34386e-06
1.26316e-05
9.24864e-05
1.10678e-07
3.37501e-05
6.17496e-06
7.31681e-05
0.00020172
1.61616e-05
6.23041e-07
4.46038e-05
0.000160077
8.46708e-05
0.000214272
0.000125152
6.2377e-05
0.000189968
1.27128e-05
2.76249e-07
4.44452e-05
1.27282e-05
8.62176e-05
0.000224498
0.00040486
0.000277474
3.90375e-05
1.21099e-05
7.97746e-06
4.40639e-05
8.14288e-08
9.0308e-05
9.71445e-06
3.53554e-05
7.46984e-05
4.88551e-06
2.47252e-05
1.28172e-06
4.64266e-05
0.000158248
0.000322795
5.86752e-05
0.000174159
9.91362e-05
2.5062e-08
3.55547e-05
1.25047e-05
6.7531e-06
6.90225e-05
2.72701e-05
5.20219e-06
2.73e-07
2.91298e-05
0.00011941
1.24684e-06
4.78002e-05
6.72819e-06
2.77475e-05
4.93842e-07
4.09662e-06
0.000120837
2.0882e-05
2.04653e-06
5.90208e-05
2.35247e-06
1.86451e-05
9.5736e-05
5.81009e-08
3.67314e-05
0.000131706
0.000272794
4.4148e-05
1.33831e-05
6.604e-07
3.88166e-05
0.000127068
0.000280153
0.000183153
1.45809e-05
1.08156e-06
2.58422e-06
1.40509e-05
1.13483e-06
6.28501e-05
2.39605e-06
1.9461e-05
2.90252e-06
5.47363e-05
0.000161745
0.000310368
0.000211074
0.000379667
0.000581559
0.000435004
0.00011382
6.16568e-05
0.000168011
0.000321605
0.000508308
0.000376095
0.000568873
0.000784855
0.00101799
0.000811692
0.00104235
0.00083554
0.00106345
0.00130119
0.00154494
0.00187933
0.00221996
0.00256246
0.00290326
0.00173809
0.00201027
0.00233864
0.00266653
0.00157312
0.00184612
0.00153951
0.00184211
0.00212179
0.00178894
0.00209611
0.00237995
0.00266142
0.00157005
0.000809162
0.00103648
0.000831887
0.00105635
0.00133845
0.00163092
0.0019291
0.0022064
0.00186753
0.00216862
0.00122426
0.000584252
0.000446369
0.000648236
0.000869819
0.00069389
0.000544766
0.000748277
0.000966623
0.000783916
0.000998982
0.000815258
0.0010266
0.000842559
0.00109917
0.00132466
0.0011083
0.00132791
0.0015501
0.00131271
0.000634174
0.000816732
0.000326041
0.000242603
3.44231e-05
1.42839e-05
3.20416e-06
3.85663e-05
0.000106554
9.0501e-07
2.7377e-05
1.03654e-05
3.23616e-05
2.11873e-07
6.76677e-05
9.69508e-05
0.000129732
2.57345e-05
1.71852e-07
4.98735e-06
1.57276e-05
2.7005e-07
2.2024e-05
0.000106708
6.78009e-05
0.000144617
6.9401e-06
6.94634e-05
0.000147261
7.84669e-06
4.61035e-05
4.68931e-06
0.000110942
3.57695e-05
6.15114e-08
1.83433e-05
1.94129e-05
2.90821e-06
3.2324e-05
1.32613e-05
8.68134e-05
5.15959e-05
0.000118421
7.63518e-05
0.000199403
0.000305617
6.42145e-05
0.000134551
6.46444e-06
6.80809e-05
3.00114e-07
1.20556e-05
2.4846e-05
1.12564e-06
5.17997e-05
7.88733e-05
1.98153e-05
0.000152389
0.000192013
0.000447652
0.00050132
0.000241197
8.32712e-05
0.000115298
2.19069e-05
0.000156262
4.17456e-05
3.41757e-06
9.56826e-05
1.52311e-05
2.51792e-06
4.21918e-05
6.83396e-05
1.21588e-05
9.1947e-07
1.01055e-06
8.27437e-06
6.82509e-06
4.2055e-07
1.49383e-06
9.39745e-06
4.9764e-05
2.52376e-05
7.78063e-05
0.000191389
0.000296062
0.000221737
0.000328582
0.000250401
0.000358443
0.000476312
0.000600997
0.000836511
0.00109155
0.000918165
0.000416315
0.000539676
0.000190959
0.000136368
8.93765e-06
2.62858e-05
3.85315e-07
1.96301e-05
6.35937e-05
3.60391e-05
8.80629e-05
0.000156978
0.000238844
4.41209e-05
2.23921e-05
6.34044e-05
0.000120304
6.0657e-06
3.21666e-05
0.00012596
7.62332e-06
3.57517e-05
4.47567e-06
1.43228e-05
4.77013e-06
3.19062e-05
0.000168132
4.42501e-05
0.00019213
9.42592e-05
0.000278483
0.000538639
0.00085858
0.00122462
0.000763947
0.000820426
0.00117963
0.00123469
0.000895542
0.00095095
0.00132408
0.000975368
0.000576924
0.000378498
0.000657161
0.000444751
0.000205857
0.000432041
0.000718264
0.00077674
0.00111807
0.000812371
0.000870863
0.000618883
0.000674825
0.000359419
0.000626539
0.000683169
0.000469325
0.000222175
7.39105e-05
0.000232507
8.15864e-05
0.000243759
0.000130536
5.67164e-05
2.77539e-06
1.45106e-05
1.21219e-05
1.7525e-08
4.74824e-05
1.01682e-05
2.572e-05
4.71216e-05
0.000181247
0.000224421
0.00012087
5.30986e-05
1.92749e-06
1.69574e-05
8.57233e-05
4.94122e-05
1.42984e-07
5.32631e-05
8.11713e-05
2.72985e-05
2.90791e-06
1.26433e-05
0.000105564
1.94095e-05
0.000121627
0.000296379
0.000171626
0.000213798
0.000115135
0.000285805
0.000334692
0.000204931
0.000248319
9.07941e-05
0.000123434
2.72561e-05
0.000137385
6.33954e-05
1.99491e-05
3.84583e-05
6.16682e-05
0.000201231
0.000242618
0.000285614
0.000514524
0.000263012
0.000484039
0.000750976
0.000433465
0.000689349
0.000393755
0.000241926
0.000287288
0.000334089
0.000568903
0.00030984
0.00018024
0.0003704
0.000227353
8.51597e-05
3.06909e-05
5.24996e-05
1.40109e-05
2.36183e-07
5.3586e-06
7.71238e-05
2.87367e-05
4.92716e-05
0.000173721
0.000358562
0.000228103
0.000133152
3.15344e-05
7.38482e-09
4.31983e-05
1.09436e-05
7.42793e-08
4.49219e-05
1.23399e-06
1.68799e-05
8.06507e-05
4.61551e-05
0.000130979
0.000249196
0.000393562
0.000149905
0.000268924
0.000411159
0.000161505
3.17988e-05
9.95295e-05
9.71687e-06
1.08247e-05
1.98539e-06
2.35558e-05
1.11014e-06
5.07854e-05
5.09562e-06
1.80363e-05
2.38651e-07
1.62367e-05
5.44656e-05
0.000110162
1.41785e-05
6.35518e-06
1.01709e-06
2.57158e-05
4.87687e-05
7.75061e-05
0.000111018
2.96505e-05
5.27768e-05
8.0947e-05
0.000211209
8.72574e-05
0.000219594
0.000266461
0.000146111
6.64144e-05
9.66353e-05
3.71724e-05
0.00013823
0.000290502
0.000483251
0.000266341
0.000150207
0.00030422
0.00035572
0.000558623
0.000789355
0.000554775
0.000613829
0.000672796
0.000467157
0.000309539
0.000501772
0.000557998
0.000614306
0.000850191
0.000618562
0.000675079
0.000394979
0.000446756
0.000297363
0.000185662
0.000226675
0.000400284
0.000450507
0.000306474
0.000137806
0.000284343
0.00033054
0.000377718
0.000187129
0.000226997
0.000268514
0.000164364
9.03519e-05
0.000120364
6.1253e-05
6.65418e-06
5.36751e-06
2.41892e-05
8.84414e-05
0.000184733
0.000129733
8.63907e-05
5.33029e-05
9.43379e-05
1.04514e-05
2.09957e-06
1.6668e-05
4.26579e-05
7.75733e-05
5.80779e-06
4.9246e-05
2.62756e-05
1.05844e-06
7.02657e-06
4.48191e-06
1.7068e-07
9.39846e-06
3.05974e-05
6.12164e-05
0.00014682
0.000259968
8.70545e-05
5.47694e-05
0.000133716
0.000188028
0.000136205
2.65103e-05
8.87742e-07
4.39777e-05
6.47252e-05
2.50978e-05
5.27696e-08
1.79023e-05
3.01851e-06
7.38899e-06
9.73257e-06
2.51092e-08
6.73089e-06
1.02039e-05
2.2632e-05
3.42e-06
1.17334e-05
1.38108e-06
2.29653e-07
3.71255e-05
2.09189e-06
9.08571e-06
7.14851e-05
9.5838e-05
0.000219204
0.000379894
0.000419431
0.000280743
0.000176714
0.000325571
0.000363536
0.000550061
0.000590466
0.000804058
0.000596071
0.000430599
0.000300876
0.000337434
0.00022983
0.000389454
0.00027319
0.000121945
0.000150431
0.000288643
0.000458071
0.000497332
0.000695829
0.000420683
0.000226059
0.000140533
0.000272889
0.000127318
0.000157247
5.76922e-05
2.19147e-05
3.89033e-06
1.22918e-05
1.00093e-06
1.95102e-05
3.44674e-05
9.63686e-06
6.81515e-05
1.26132e-05
7.71104e-07
1.1735e-05
4.30569e-06
4.88775e-06
2.20089e-05
4.89616e-05
1.75637e-06
1.57776e-05
1.70114e-07
2.29837e-05
9.32507e-05
2.57171e-05
4.78753e-06
3.99179e-06
3.48529e-05
1.96999e-07
2.16724e-05
2.42393e-07
4.90292e-06
1.48428e-05
3.63343e-08
2.26337e-06
1.92799e-06
2.651e-05
5.95746e-05
3.37773e-05
1.32045e-07
9.59943e-06
4.6273e-06
4.18215e-07
2.03588e-05
6.59112e-05
3.83597e-05
9.31183e-05
1.62509e-05
4.41025e-05
2.28142e-05
2.83977e-07
3.01536e-05
6.18074e-06
9.42268e-08
1.81194e-06
1.74525e-06
1.38896e-05
7.12535e-05
3.01063e-05
0.000101277
5.03427e-05
7.63056e-06
1.87286e-05
2.68586e-06
5.72035e-06
4.67765e-07
2.04769e-05
4.12893e-07
3.73284e-06
6.19334e-08
1.8281e-06
1.39534e-06
1.76003e-07
1.21545e-05
3.3474e-05
2.83898e-07
1.91222e-05
8.01835e-05
0.000175116
0.000103431
3.32095e-05
0.000104031
0.000131908
0.000242282
0.00015348
6.23945e-05
2.58922e-05
6.13031e-06
2.30225e-09
2.6975e-06
4.66299e-07
1.68183e-05
7.34212e-05
3.54884e-05
0.00010575
0.000205167
0.000327502
0.000366429
0.000511455
0.000668686
0.000710638
0.000539761
0.000580701
0.000621031
0.000785655
0.000824937
0.000540128
0.000698739
0.00052968
0.000569801
0.000348547
0.000489167
0.000357213
0.000253132
0.000380076
0.000521861
0.000389173
0.000215003
9.87805e-05
3.06027e-05
9.37071e-05
2.87872e-05
8.13786e-06
1.9442e-05
7.41328e-05
3.60404e-05
0.000101601
0.000192836
8.75491e-05
4.48087e-05
0.00011392
4.01631e-05
5.25576e-06
2.19264e-06
8.72281e-06
2.08264e-05
3.97883e-06
3.01955e-06
7.21423e-13
5.49579e-06
3.84945e-07
8.24987e-06
2.7624e-06
1.04883e-05
3.11435e-07
7.9466e-06
2.42097e-05
9.97157e-06
1.94271e-06
7.324e-07
2.01959e-05
7.60654e-06
1.22464e-06
1.10541e-05
1.9988e-07
1.25918e-06
2.92281e-05
2.56906e-06
3.78408e-06
6.20024e-06
4.39811e-05
1.56355e-05
2.14751e-06
4.41497e-06
2.07167e-07
7.42817e-06
3.67023e-05
8.40364e-05
5.34817e-05
8.64683e-05
0.000149419
0.00019535
0.000143984
4.86859e-05
7.98426e-05
0.000115671
0.000154914
0.000233642
0.000281167
0.000329268
0.000377385
0.000481503
0.000590057
0.000483991
0.000590419
0.000485831
0.000269516
0.000124657
0.000165163
6.15969e-05
9.33042e-05
0.000158227
0.000234155
0.000318356
0.000408551
0.000502825
0.000408026
0.000218288
0.000269406
0.000353277
0.00018205
0.000255204
0.000194817
8.02508e-05
0.000119136
0.000182508
0.000134302
9.53014e-05
0.000152768
0.000200926
0.000251573
0.000330254
0.00038681
0.000205329
0.000255284
0.000306577
0.000240557
0.000289635
0.000339343
0.000173599
6.85235e-05
0.000122066
3.98291e-05
6.80728e-05
4.27724e-05
7.08245e-05
0.000125263
0.000189952
7.92175e-05
5.15031e-05
7.30514e-06
3.20354e-05
7.08717e-05
4.5103e-05
2.59782e-05
1.26554e-05
4.38234e-06
2.46611e-05
4.99458e-05
6.5994e-06
2.2472e-05
5.63259e-05
0.000101691
7.07623e-05
0.000106765
0.000162725
0.000121556
3.95816e-05
7.86207e-05
0.000126989
9.20093e-05
0.000141899
5.10149e-05
8.51624e-05
0.000133648
0.000188686
7.9083e-05
0.000124552
4.22981e-05
4.6472e-06
2.07398e-05
1.24552e-07
1.04365e-06
5.42351e-06
4.76948e-08
8.717e-06
1.32383e-06
2.48172e-05
7.32558e-05
0.000141596
0.000165857
9.12265e-05
4.15713e-05
1.29961e-05
6.4193e-07
3.2916e-06
1.53423e-07
9.2273e-07
2.59271e-06
1.60632e-05
6.51759e-06
2.36032e-05
4.84711e-07
1.0174e-05
1.94994e-05
2.40468e-06
9.27202e-07
8.54435e-06
1.72173e-05
2.82537e-05
4.1269e-05
5.5924e-05
0.000118433
6.34141e-05
2.4237e-05
7.14688e-05
8.92361e-05
0.000161145
0.000183405
0.000205901
0.000299326
0.000323331
0.000347015
0.000370309
0.000253454
0.000157015
8.80092e-05
0.000105703
5.3989e-05
2.00313e-05
3.04691e-05
8.11654e-05
3.77402e-05
1.20433e-05
4.97892e-05
0.000108259
5.73094e-05
2.42726e-05
3.58708e-05
4.89967e-05
0.000107088
5.21857e-05
0.000110981
5.99425e-05
0.000120979
0.000197118
0.00012377
0.000143929
0.000223972
0.000246721
0.000151362
0.000171956
9.83148e-05
5.10672e-05
2.08274e-05
3.10255e-06
2.83871e-05
4.04692e-05
1.45712e-05
2.08698e-06
2.51495e-05
4.72844e-06
2.15496e-07
8.50206e-06
2.64165e-06
1.46167e-05
2.01977e-09
5.79515e-06
2.19551e-05
6.32486e-07
1.80761e-07
1.59822e-05
2.14747e-06
2.45046e-05
5.89487e-06
3.39947e-05
9.84166e-06
4.19056e-05
1.44201e-05
1.67602e-06
1.25754e-06
1.13625e-05
3.08313e-05
5.75691e-05
1.32561e-05
3.35263e-05
6.1057e-05
9.50066e-05
0.000133935
9.92606e-05
0.000137881
0.000182081
8.48387e-05
2.71669e-05
5.21762e-05
8.44598e-05
0.000121075
0.000161159
0.000121945
0.000164629
0.000210018
0.000257218
0.000307412
0.000358259
0.000292549
0.000159581
0.000203705
0.000249534
0.000296286
0.000348728
0.000401502
0.000331126
0.000382423
0.000433583
0.00036037
0.000410156
0.000243049
0.000291653
0.000159706
0.000202663
0.000159163
0.000202367
0.000247413
0.000198466
0.000243959
0.000290299
0.000158756
0.000199769
0.000242103
0.000291296
0.000336517
0.000192136
0.000238619
0.000282305
0.000228874
0.000270886
0.000321554
0.000365633
0.0002134
0.000169577
7.89702e-05
5.62508e-05
8.84005e-05
0.000120883
0.00015562
7.03613e-05
2.0907e-05
4.00902e-05
7.10666e-06
2.35769e-05
4.35544e-05
2.78562e-05
2.84845e-06
1.53175e-05
3.58758e-05
2.20156e-05
1.19625e-05
2.79071e-05
2.86618e-06
3.24627e-07
7.4367e-06
1.13472e-07
1.26449e-05
2.03755e-05
2.94258e-05
1.01471e-05
1.69785e-05
2.79259e-06
1.38223e-07
5.15276e-06
1.62699e-05
3.76569e-05
6.40419e-06
2.00378e-06
1.26325e-07
8.43442e-06
1.45608e-05
4.64373e-05
1.78184e-05
3.25198e-06
4.98668e-08
8.95566e-06
9.08813e-07
1.77149e-06
9.94646e-06
4.48109e-08
2.70828e-06
3.26873e-07
5.48909e-06
1.60484e-06
3.93572e-06
2.51866e-05
9.12717e-06
1.35813e-06
3.1235e-07
6.77892e-06
3.0873e-05
8.39983e-06
1.75841e-07
1.21121e-05
4.01672e-05
1.39518e-05
3.2056e-06
2.59953e-10
9.16575e-06
1.58042e-05
4.584e-05
1.70578e-05
2.53943e-05
6.0223e-05
2.6224e-05
9.68762e-06
1.63958e-05
2.58379e-06
2.04382e-05
2.92599e-05
1.15614e-05
3.83807e-05
4.92691e-05
6.08788e-05
3.28514e-05
1.44951e-05
1.74654e-06
5.17578e-06
1.01227e-05
1.63457e-05
2.3636e-05
9.00961e-06
1.47257e-05
2.14537e-05
8.03413e-06
1.32884e-05
4.19975e-05
1.48649e-05
4.43288e-05
5.40606e-05
2.24079e-05
5.25289e-06
2.75028e-07
2.878e-06
2.02036e-06
5.26109e-06
7.86465e-10
9.18082e-06
1.48091e-05
3.90822e-06
6.91249e-08
3.72806e-06
1.5732e-05
8.59757e-06
3.79946e-06
1.03091e-06
6.89886e-06
2.12865e-05
3.65824e-05
6.17136e-05
9.10345e-05
3.54937e-05
2.394e-05
1.50645e-05
2.88062e-05
5.13575e-05
7.82261e-05
2.81678e-05
4.55752e-05
1.13123e-05
5.73919e-06
2.17828e-06
3.62197e-07
5.88142e-06
2.75713e-05
3.49164e-05
7.25027e-05
0.000119859
0.000174753
0.000235327
0.000246106
0.000176274
0.000236609
0.000170041
0.000106
0.000157801
0.000215428
0.000153124
0.000209824
0.000149894
0.00020582
0.000147895
0.00010264
5.5156e-05
6.47657e-05
3.0214e-05
6.38313e-05
3.74655e-05
1.923e-05
3.99263e-06
7.81708e-06
2.83692e-07
1.87314e-06
4.67918e-06
3.51622e-07
2.38729e-06
4.4613e-07
4.85644e-06
7.44418e-10
8.04968e-06
1.28003e-05
3.64469e-06
5.80721e-08
2.97219e-06
9.61929e-06
4.76558e-06
1.71658e-06
2.31169e-07
3.50507e-06
1.49487e-05
2.59703e-05
3.88299e-06
1.06613e-05
1.99615e-05
1.25627e-05
7.11199e-06
1.49058e-05
6.61369e-07
4.12944e-06
4.04796e-08
2.3324e-06
5.06912e-07
7.78712e-06
2.52322e-08
3.70387e-06
1.19732e-06
9.30777e-08
2.73458e-06
8.44922e-06
1.95073e-09
4.15248e-06
7.06265e-07
1.5443e-06
6.55263e-06
1.43162e-05
6.77265e-07
4.42631e-06
5.4143e-07
2.20466e-06
1.68008e-05
3.34142e-06
1.93836e-05
8.18545e-06
1.25718e-05
3.60832e-05
6.89688e-05
3.41328e-05
6.61487e-05
3.27701e-05
1.65871e-05
4.1619e-05
7.52056e-05
3.90902e-05
1.59692e-05
3.5835e-06
1.20504e-07
2.44972e-06
4.80653e-07
1.82423e-08
2.98685e-06
9.72383e-06
4.94498e-06
1.56753e-05
3.11112e-05
4.62671e-05
3.36245e-05
4.8703e-05
6.52022e-05
9.06419e-05
0.000110117
0.000139497
7.20785e-05
9.05225e-05
0.000109531
0.00012881
0.000104229
8.3278e-05
3.55906e-05
4.94931e-05
6.44608e-05
4.93955e-05
7.34865e-05
9.00541e-05
7.15235e-05
9.83449e-05
4.50652e-05
3.33675e-05
5.38727e-05
7.73899e-05
9.5033e-05
0.000122708
6.11295e-05
7.77808e-05
3.26954e-05
4.62229e-05
6.08765e-05
4.65877e-05
6.08314e-05
2.27669e-05
1.52281e-05
2.4914e-05
4.59371e-06
1.52825e-05
3.0866e-05
5.02776e-05
1.71305e-05
1.91361e-06
1.41374e-06
3.57155e-06
1.81238e-05
2.35539e-05
4.94709e-05
2.40992e-05
8.57556e-06
1.27548e-05
3.38558e-05
1.46738e-05
3.65544e-05
4.3475e-05
5.06038e-05
8.33449e-05
4.92348e-05
8.14266e-05
4.83761e-05
5.58652e-05
6.34816e-05
3.70203e-05
4.37146e-05
5.05907e-05
2.83048e-05
1.33597e-05
1.79675e-05
5.54649e-06
8.84718e-06
1.26961e-05
3.06101e-06
3.43994e-09
1.94674e-06
7.53978e-06
3.9163e-06
1.06684e-05
1.99092e-05
3.04596e-06
8.92945e-06
1.7162e-05
2.14655e-06
1.06945e-06
5.24331e-07
3.97342e-06
1.29064e-05
9.70864e-07
6.75666e-08
1.84301e-07
1.17506e-06
1.16728e-05
1.57586e-05
3.74536e-05
2.05546e-05
9.36715e-06
2.75457e-05
3.29601e-05
1.40022e-05
1.83082e-05
7.96796e-06
1.14116e-05
1.52568e-05
1.94246e-05
2.38536e-05
1.18584e-05
1.55332e-05
4.08944e-06
6.55935e-06
9.4442e-06
1.26704e-05
2.8824e-06
1.60145e-05
6.67403e-06
2.32112e-05
2.76039e-05
1.10138e-05
3.7409e-06
4.21053e-07
8.91325e-06
1.32376e-06
1.18393e-05
4.32055e-06
8.89245e-08
7.96273e-07
6.33079e-07
2.98886e-08
1.90809e-06
6.27072e-06
1.25777e-05
9.66875e-07
1.31255e-07
3.99894e-06
6.34887e-06
2.2083e-05
4.53459e-05
5.04576e-05
2.58587e-05
1.02607e-05
2.0994e-06
3.97805e-06
6.31445e-06
1.36088e-06
7.03313e-09
2.39526e-07
4.85043e-07
3.23314e-06
1.12648e-05
7.05789e-07
5.84102e-06
6.53845e-10
1.30184e-06
7.26042e-06
4.10984e-06
1.94117e-06
6.16874e-06
3.41416e-06
1.54548e-06
4.47086e-07
3.09353e-06
1.39049e-06
7.47299e-06
1.38565e-05
2.64235e-05
3.61654e-05
4.65873e-05
6.55222e-05
2.80573e-05
3.77858e-05
5.53707e-05
7.47788e-05
6.14269e-05
7.3678e-05
3.32855e-05
9.87628e-06
6.3048e-06
1.22211e-05
2.40279e-05
3.85985e-05
4.95974e-05
6.10463e-05
7.27432e-05
5.9788e-05
7.10831e-05
3.19435e-05
2.45562e-05
3.9567e-05
5.67604e-05
7.55824e-05
8.81955e-05
0.000100772
0.000113208
0.000135949
0.000116073
0.000138454
0.000118603
0.000101168
8.58851e-05
7.25281e-05
8.44193e-05
9.62732e-05
8.20436e-05
9.3496e-05
0.000115018
0.000137085
0.000149155
0.000171983
0.000100431
0.00012131
6.50971e-05
7.69388e-05
8.88208e-05
7.52439e-05
9.48187e-05
0.000106974
9.16705e-05
0.000111994
5.88104e-05
7.01265e-05
3.15017e-05
9.21218e-06
3.95557e-07
2.49725e-08
2.63381e-06
1.26598e-06
1.34524e-06
4.42073e-10
2.13385e-07
3.7775e-07
2.63086e-08
1.39573e-06
6.88353e-06
1.57442e-05
2.3303e-05
3.16448e-05
9.4995e-06
1.94302e-05
3.8225e-06
1.09696e-05
2.09504e-05
4.54567e-06
9.68707e-06
1.9197e-05
3.09588e-05
9.47545e-06
6.31153e-06
1.21888e-05
8.54226e-06
5.6761e-06
3.49531e-06
1.90974e-06
7.30554e-06
1.43018e-07
3.21105e-06
4.69686e-06
4.84856e-07
4.55495e-07
3.81342e-06
9.88696e-06
6.78404e-06
1.3353e-05
2.26326e-05
3.34751e-05
2.66957e-05
3.72269e-05
4.85712e-05
6.04591e-05
2.67075e-05
2.0938e-05
2.99928e-05
2.3873e-05
3.30389e-05
2.66226e-05
7.33546e-06
1.33454e-05
9.84596e-06
7.01283e-06
4.76519e-06
3.03053e-06
2.59257e-07
7.15613e-07
1.98882e-07
2.94088e-06
3.20767e-07
6.18087e-07
1.50333e-07
2.77956e-06
8.17931e-06
3.22796e-07
2.70141e-06
8.03531e-06
1.55616e-05
2.57733e-06
7.59356e-06
1.46519e-05
2.30342e-05
3.32709e-05
1.1142e-05
1.90163e-05
4.12822e-06
9.63149e-06
1.71213e-05
3.38207e-06
8.49303e-06
1.53077e-05
2.4254e-05
6.74335e-06
1.7913e-07
2.3662e-06
6.623e-06
1.74456e-07
2.54285e-06
1.20618e-05
4.31671e-06
6.03276e-07
1.89778e-07
2.3996e-06
3.81732e-06
5.46614e-06
1.15025e-06
2.3165e-08
1.67263e-06
5.41123e-07
1.34995e-06
4.75907e-10
3.69126e-06
4.16348e-07
6.42283e-06
8.44602e-06
2.16361e-05
1.08594e-05
3.83988e-06
5.17277e-07
6.6611e-06
1.86508e-05
2.15357e-05
1.08862e-05
4.21753e-06
1.4539e-05
2.97574e-05
4.88332e-05
5.22455e-05
3.38804e-05
1.86353e-05
8.49633e-06
2.10586e-05
1.02382e-05
2.34757e-05
4.07168e-05
6.1065e-05
4.01374e-05
6.02364e-05
3.86254e-05
2.27908e-05
2.61587e-05
2.95722e-05
1.64822e-05
7.72992e-06
1.00521e-05
1.25424e-05
5.38513e-06
1.0656e-06
7.70186e-06
2.21477e-06
3.66965e-06
1.29465e-05
5.5682e-06
7.58699e-06
2.51981e-06
2.53763e-07
5.00946e-07
4.86235e-08
1.46389e-06
5.12486e-07
3.46146e-06
2.14488e-09
1.24215e-06
4.82438e-06
8.03185e-08
2.25585e-06
1.00414e-05
3.59299e-06
5.02297e-07
5.8098e-06
1.59905e-05
1.89764e-05
9.42845e-06
3.32586e-06
4.4309e-07
2.08553e-07
2.25773e-06
9.577e-08
4.00192e-06
5.90674e-06
1.52267e-06
1.07346e-08
9.4476e-07
6.1865e-07
1.57007e-06
8.24722e-06
2.85006e-06
2.67516e-07
3.29639e-07
1.30153e-06
8.28809e-10
1.0776e-06
4.78465e-07
1.53563e-07
1.47234e-08
3.70767e-07
5.00974e-06
1.13381e-06
6.97217e-10
1.08286e-06
2.69694e-07
5.86337e-10
1.98736e-07
3.12617e-07
1.30446e-06
7.45345e-06
2.25522e-06
9.34354e-06
2.03241e-05
2.34416e-05
3.81956e-05
4.16931e-05
5.91835e-05
3.89835e-05
2.3943e-05
1.32055e-05
1.60053e-05
2.89087e-05
1.65477e-05
2.94815e-05
1.7182e-05
8.68904e-06
3.03952e-06
4.43427e-07
4.92353e-06
1.29369e-06
2.55103e-06
2.03534e-07
8.52989e-07
1.88306e-06
7.21504e-08
3.41295e-06
5.1138e-06
7.04649e-06
2.30626e-06
3.71547e-06
6.809e-07
4.09125e-08
6.75202e-08
3.40244e-06
1.10481e-05
2.21338e-05
1.19889e-05
2.32763e-05
1.29944e-05
1.55878e-05
7.84385e-06
3.01096e-06
3.60119e-07
2.09179e-07
1.93702e-10
8.60271e-07
4.7993e-07
4.86031e-06
1.14808e-06
6.50268e-06
2.01925e-06
1.54334e-07
3.92993e-07
1.99216e-08
1.17651e-06
3.84643e-06
7.69913e-06
1.24637e-05
1.93352e-05
2.57244e-05
3.24729e-05
1.46353e-05
1.05171e-05
1.70556e-05
2.45658e-05
1.88684e-05
6.51675e-06
7.76452e-07
2.96003e-06
1.47669e-06
1.36897e-07
4.56904e-07
7.5e-07
1.66089e-06
1.22614e-07
4.77724e-07
5.02402e-08
1.65932e-06
7.29017e-06
9.34354e-06
1.15296e-05
4.9524e-06
6.6953e-06
2.18947e-06
2e-07
2.64932e-07
1.00774e-06
2.81525e-10
2.22898e-06
2.2991e-07
8.23792e-07
3.26736e-09
1.00445e-06
3.50339e-06
1.88257e-06
3.41251e-08
5.82031e-07
2.7023e-06
6.0776e-06
1.04374e-05
1.55547e-05
1.1397e-05
1.65461e-05
2.22081e-05
1.70269e-05
2.26133e-05
3.05153e-05
3.70402e-05
1.80611e-05
2.36603e-05
1.82819e-05
6.52367e-06
8.97512e-07
2.93036e-06
5.87853e-06
1.11012e-05
2.85993e-06
5.79587e-06
1.09404e-05
7.64003e-06
1.31288e-05
3.88886e-06
2.18427e-06
1.54171e-09
6.05987e-07
4.70419e-07
2.21778e-08
1.30456e-06
3.56727e-06
6.67857e-06
1.19808e-05
8.4972e-06
1.40832e-05
4.48475e-06
8.85339e-06
1.33179e-05
4.13101e-06
2.73655e-07
7.84034e-07
1.1251e-09
5.78399e-07
2.9076e-06
6.66972e-06
1.06613e-05
1.52211e-05
1.10897e-05
3.09605e-06
6.03901e-06
9.65611e-06
1.55216e-05
5.49977e-06
9.02133e-06
1.46978e-05
5.09589e-06
9.64112e-06
2.50705e-06
5.97736e-06
9.48211e-07
3.00238e-06
1.48575e-06
3.03334e-08
3.85408e-07
3.60599e-06
9.5605e-06
1.76867e-05
2.04563e-05
2.32727e-05
1.34448e-05
7.15704e-06
2.66091e-06
5.47808e-07
4.06597e-08
1.15703e-06
3.56328e-06
2.32116e-07
6.90178e-07
4.22641e-06
1.02365e-05
1.26077e-05
6.42086e-06
1.32815e-05
6.79173e-06
2.69006e-06
7.81067e-06
1.49977e-05
2.38056e-05
2.6844e-05
2.99027e-05
1.92582e-05
1.14621e-05
6.02613e-06
7.96182e-06
1.00518e-05
1.78394e-05
2.04617e-05
2.31205e-05
1.34293e-05
1.57985e-05
2.48149e-05
1.48316e-05
2.36009e-05
1.47955e-05
7.70169e-06
3.49386e-06
5.01774e-06
1.56973e-06
2.68762e-06
6.34241e-07
1.41626e-06
2.44492e-06
3.68096e-06
9.30868e-06
4.12072e-06
1.16243e-06
2.10233e-06
6.78947e-06
2.92205e-06
8.07058e-06
9.94759e-06
5.07747e-06
2.0075e-06
2.18704e-07
1.73909e-07
1.54178e-06
3.55627e-09
1.62286e-06
2.69877e-06
7.60687e-06
3.21409e-06
7.98242e-07
4.18308e-06
9.73462e-06
1.70033e-05
9.77054e-06
1.69826e-05
9.72309e-06
4.71296e-06
1.03403e-05
1.25259e-05
1.47932e-05
8.30492e-06
3.93259e-06
9.22666e-06
4.61423e-06
1.01435e-05
1.23205e-05
1.9907e-05
2.86207e-05
1.90398e-05
1.18637e-05
5.78203e-06
2.49838e-06
3.84783e-06
1.01133e-06
1.38929e-08
2.88906e-07
4.42575e-08
8.23332e-07
2.10367e-07
1.06787e-09
7.51679e-07
1.20546e-07
2.19079e-06
6.44082e-06
2.90694e-06
8.62594e-07
4.21148e-08
4.3923e-07
5.08029e-08
1.10196e-06
3.29587e-06
1.82278e-06
4.32953e-06
7.27649e-06
1.12672e-05
4.0476e-06
7.23315e-06
1.10164e-05
1.51976e-05
1.99312e-05
2.49027e-05
3.00169e-05
1.61449e-05
1.21367e-05
4.60969e-06
2.82185e-06
2.06692e-07
4.7468e-07
3.08473e-06
9.15159e-07
4.00025e-06
5.45374e-06
2.33395e-06
4.4307e-07
1.08063e-06
4.76688e-08
1.70267e-06
2.899e-07
6.5415e-08
9.92775e-07
2.84342e-06
2.45041e-07
1.42888e-06
5.72701e-07
2.03249e-06
9.76658e-07
2.61541e-08
1.52495e-06
1.80533e-07
8.87823e-08
1.06108e-06
1.12185e-08
1.35904e-06
4.64636e-06
9.48114e-06
4.97518e-06
1.88274e-06
5.45291e-06
1.04597e-05
1.25137e-05
1.46395e-05
2.14921e-05
1.38352e-05
8.22711e-06
1.00707e-05
1.19928e-05
7.0081e-06
8.69255e-06
1.04586e-05
1.22864e-05
1.41591e-05
7.85721e-06
9.49179e-06
4.72299e-06
9.57866e-06
4.85591e-06
2.03942e-06
5.69913e-06
7.19257e-06
8.77067e-06
1.04157e-05
1.66549e-05
9.89361e-06
1.59846e-05
1.79068e-05
1.13252e-05
1.30649e-05
7.31497e-06
3.67822e-06
8.07363e-06
4.26682e-06
1.80913e-06
4.57266e-07
1.54148e-08
8.3413e-07
7.105e-08
3.81127e-07
9.02743e-07
1.98669e-08
2.14819e-07
3.51887e-07
2.49461e-06
5.52982e-07
1.25142e-09
5.79805e-07
1.82041e-06
8.97258e-07
2.63893e-06
5.08708e-06
3.34295e-06
2.02353e-06
1.07605e-06
4.5112e-07
1.05118e-07
1.00864e-06
8.64588e-09
1.248e-06
1.43424e-07
1.9002e-06
5.34288e-06
6.603e-06
7.92209e-06
4.03041e-06
5.14498e-06
6.32996e-06
3.02535e-06
4.0058e-06
1.60133e-06
2.76562e-07
2.2964e-06
5.94876e-06
2.7526e-06
8.73924e-07
6.87962e-08
1.81674e-07
1.14103e-06
5.08483e-07
1.71885e-06
3.63639e-06
6.06401e-06
4.26867e-06
6.7748e-06
4.87603e-06
7.53389e-06
1.05163e-05
4.13343e-06
8.1672e-07
2.19167e-06
4.25864e-06
8.85497e-07
2.37166e-06
4.38216e-06
6.93923e-06
9.80233e-06
1.29051e-05
1.00031e-05
7.59011e-06
5.6068e-06
4.00061e-06
6.5001e-06
9.17225e-06
1.20648e-05
1.51019e-05
1.2082e-05
1.57266e-05
1.95531e-05
1.59972e-05
7.54158e-06
1.02196e-05
1.30697e-05
5.73062e-06
1.57235e-06
3.60848e-08
7.03563e-07
3.71512e-08
1.53983e-07
8.76489e-07
2.07606e-06
1.22982e-06
4.33599e-09
8.23494e-07
1.35082e-06
4.23732e-06
1.6456e-06
2.32594e-06
5.7394e-06
2.6197e-06
3.42088e-06
4.27914e-06
5.18616e-06
6.125e-06
7.08967e-06
3.56733e-06
1.50931e-06
4.49694e-06
8.72034e-06
4.69867e-06
5.61379e-06
2.64979e-06
6.17882e-06
3.06952e-06
1.14192e-06
3.81435e-06
1.57302e-06
4.4977e-06
8.58534e-06
4.83761e-06
8.98636e-06
5.01814e-06
2.35384e-06
7.43305e-07
1.2538e-06
3.91524e-06
4.82968e-06
2.23869e-06
5.42101e-06
9.64482e-06
5.58572e-06
2.73236e-06
9.82468e-07
1.18752e-07
6.54455e-08
4.46628e-07
2.34384e-06
7.49097e-07
1.27589e-06
2.46578e-07
5.92032e-07
2.02765e-08
1.93287e-07
1.00887e-06
4.72916e-07
6.63329e-08
2.80763e-07
4.1554e-09
3.79326e-07
1.02869e-07
8.42075e-08
3.84705e-07
3.55271e-11
3.20835e-07
6.99422e-08
4.10217e-07
8.10215e-07
8.72175e-08
1.35283e-06
2.7628e-07
4.42078e-09
4.56921e-08
2.30625e-07
5.37446e-07
2.22489e-08
1.05458e-06
1.5859e-06
4.42078e-07
1.26236e-08
9.76687e-07
1.87578e-07
4.63454e-07
8.39664e-07
6.86555e-08
6.43522e-08
7.41815e-11
6.64404e-08
2.44452e-07
1.81298e-08
3.91873e-07
1.1707e-06
2.26624e-06
2.78855e-07
1.47871e-07
3.81275e-07
2.12434e-06
5.90337e-07
9.77984e-07
3.25053e-06
3.95058e-06
1.65475e-06
4.00502e-07
2.14306e-06
6.62411e-07
2.64989e-06
3.32662e-06
1.50361e-06
3.47885e-07
6.67344e-07
2.65382e-06
1.09138e-06
1.75928e-07
1.08181e-08
5.72431e-07
9.57432e-07
1.28902e-07
2.52416e-08
5.18435e-07
1.40034e-06
8.1102e-07
1.80288e-06
1.68043e-07
9.28867e-07
3.67092e-09
2.9543e-07
7.91655e-08
1.06106e-09
2.52953e-07
1.11863e-06
2.26463e-08
3.76999e-07
1.09007e-06
2.08384e-06
3.29252e-06
2.30753e-06
1.53328e-06
1.03386e-07
8.16612e-07
2.09073e-06
3.32945e-06
5.37448e-06
4.04532e-06
1.10741e-06
2.47802e-06
4.20009e-07
4.67557e-08
1.28431e-07
6.52239e-07
2.978e-07
1.16551e-06
2.48615e-06
3.89245e-06
2.80895e-06
1.94283e-06
3.19094e-06
5.07317e-06
6.77062e-06
2.62477e-06
4.37629e-06
6.41052e-06
8.27163e-06
1.02131e-05
1.28516e-05
1.05018e-05
8.49216e-06
6.77946e-06
9.07844e-06
1.10682e-05
9.05008e-06
3.98549e-06
2.97286e-06
4.72442e-06
6.72061e-06
5.30644e-06
1.78341e-06
3.00517e-06
2.17806e-06
3.71443e-06
2.77877e-06
5.45252e-07
2.69245e-07
9.63519e-08
6.55758e-07
1.52635e-06
1.01364e-06
1.38087e-08
5.30087e-09
1.96206e-07
8.52824e-07
1.88065e-06
3.19888e-06
2.3808e-06
3.7773e-06
2.878e-06
4.33233e-06
5.9529e-06
7.97385e-06
1.0113e-05
8.38791e-06
1.03736e-05
1.26267e-05
1.47866e-05
7.75613e-06
3.22248e-06
7.59061e-07
7.83453e-11
2.46046e-07
8.98162e-07
5.35482e-07
1.37758e-06
9.08074e-07
5.52893e-07
1.38245e-06
2.49278e-06
4.54932e-07
1.26786e-06
8.29482e-07
4.98986e-07
1.3079e-06
2.4195e-06
3.79691e-06
2.93838e-06
2.22471e-06
3.51892e-06
5.09562e-06
1.71818e-06
2.89623e-06
6.32367e-07
2.57288e-09
7.06616e-07
1.05873e-07
1.19439e-06
3.27399e-06
3.71552e-06
6.71042e-06
4.03909e-06
2.16256e-06
8.36063e-07
1.86148e-07
1.38638e-06
4.06408e-07
1.8656e-06
2.25849e-06
4.73583e-06
5.2271e-06
2.89613e-06
3.33619e-06
1.67001e-06
6.33956e-07
2.27594e-06
4.72364e-06
7.80759e-06
5.002e-06
2.68108e-06
3.12106e-06
5.79975e-06
6.30824e-06
3.65186e-06
6.45171e-06
9.7793e-06
1.03036e-05
1.40941e-05
1.45676e-05
1.50245e-05
1.06263e-05
1.11232e-05
7.61806e-06
1.10801e-05
7.65528e-06
8.16441e-06
1.16758e-05
1.55145e-05
1.05502e-05
1.42601e-05
1.82277e-05
1.34157e-05
8.92678e-06
1.24159e-05
8.73302e-06
5.89227e-06
8.9561e-06
6.12655e-06
3.3953e-06
1.57037e-06
3.54709e-06
1.69797e-06
3.70812e-06
1.83362e-06
7.85988e-07
1.35939e-07
3.06894e-07
3.9318e-09
6.54912e-08
1.9309e-07
1.31872e-09
2.38136e-08
1.1263e-07
1.57422e-08
3.44273e-07
1.56652e-06
3.50417e-06
1.85252e-06
3.88252e-06
2.15101e-06
8.83591e-07
1.21125e-06
4.12434e-07
2.5062e-08
6.98821e-07
1.23733e-07
9.86076e-09
9.31799e-09
1.06436e-07
5.5183e-07
1.25965e-06
2.17485e-06
3.38449e-06
4.75179e-06
1.86849e-06
1.27646e-06
2.20444e-06
3.39294e-06
4.66739e-06
1.82919e-06
1.25003e-06
2.22551e-06
1.57788e-06
2.55923e-06
6.82032e-07
1.47155e-06
2.47638e-06
1.78563e-06
2.83448e-06
4.02886e-06
5.33035e-06
6.87477e-06
3.20779e-06
4.50333e-06
5.87463e-06
7.31642e-06
5.90559e-06
7.45964e-06
3.59943e-06
1.25217e-06
8.04485e-07
4.70378e-07
1.10641e-06
2.00708e-06
4.46289e-07
1.07031e-06
1.95648e-06
1.37381e-06
1.94796e-07
5.78425e-08
1.70853e-07
3.32932e-07
5.37031e-07
8.72439e-08
1.55632e-08
2.68225e-07
2.83328e-08
5.29752e-08
1.88288e-07
9.97957e-10
4.55897e-07
4.98003e-08
3.93366e-08
3.49169e-07
1.54311e-07
7.45882e-08
1.77784e-08
2.607e-07
7.41431e-07
2.9796e-08
1.1639e-10
1.63674e-07
6.44732e-08
1.73597e-08
2.40636e-09
1.00248e-07
5.20411e-07
1.09877e-06
2.00239e-06
2.9133e-06
9.49836e-07
8.47792e-08
1.20236e-07
8.87489e-07
2.24364e-06
1.01481e-06
1.34144e-06
5.47059e-07
8.02454e-07
1.91118e-07
3.62269e-07
1.38778e-06
5.80736e-07
9.71399e-08
3.71984e-09
1.65439e-07
5.05614e-08
1.60616e-08
3.0926e-09
1.3714e-07
4.77765e-07
9.79546e-07
1.60439e-06
2.32244e-06
6.87358e-07
3.90643e-07
1.89987e-10
3.71457e-07
2.07803e-08
5.29957e-07
7.8008e-07
1.06166e-06
3.06234e-07
5.03565e-07
7.36179e-07
2.41865e-07
1.95336e-09
4.50383e-08
4.52283e-08
2.84041e-07
6.89435e-07
1.22415e-06
1.97887e-07
7.14252e-07
1.25707e-06
8.38545e-07
1.39379e-06
2.39227e-06
1.7703e-06
4.31208e-07
7.52572e-10
3.13267e-07
5.01811e-07
1.33936e-07
8.59166e-07
1.12735e-06
2.49207e-06
1.16275e-06
2.52904e-06
1.45159e-06
1.77395e-06
2.10951e-06
1.17557e-06
5.50901e-07
7.72544e-07
1.62976e-07
9.01554e-09
3.67331e-08
2.09398e-07
8.0716e-08
1.42464e-08
1.38778e-09
1.61583e-07
4.10875e-08
5.6128e-08
2.56986e-07
9.9141e-09
1.09748e-07
2.71908e-08
1.92724e-07
7.40196e-08
2.85027e-07
1.34821e-07
6.01934e-07
3.63957e-07
9.84301e-07
6.63965e-07
3.47389e-08
1.35029e-09
9.8482e-08
2.66918e-08
4.19193e-10
3.1472e-07
6.90622e-08
6.77805e-07
8.72504e-07
1.08023e-06
2.40783e-06
2.67786e-06
1.67579e-06
6.47242e-07
8.33341e-07
2.04747e-06
2.30508e-06
1.39809e-06
2.82756e-06
4.61007e-06
2.62115e-06
1.2692e-06
1.50405e-06
1.74591e-06
7.28503e-07
1.8678e-06
2.12595e-06
2.3854e-06
2.6448e-06
1.32836e-06
1.55498e-06
8.11262e-07
3.3619e-07
7.92662e-08
6.85926e-07
1.79197e-06
2.03657e-06
2.28332e-06
2.53146e-06
2.77723e-06
3.02193e-06
4.81868e-06
3.33913e-06
5.17802e-06
7.25561e-06
7.4725e-06
4.80234e-06
3.32347e-06
5.13079e-06
7.17084e-06
5.26341e-06
3.75509e-06
5.6025e-06
7.65792e-06
7.88958e-06
1.0116e-05
1.02971e-05
1.04702e-05
1.28143e-05
1.52189e-05
1.52629e-05
1.2114e-05
1.22449e-05
1.46155e-05
1.70171e-05
1.94247e-05
1.93413e-05
1.4109e-05
1.11276e-05
7.56763e-06
7.82934e-06
9.9664e-06
1.21955e-05
9.51329e-06
1.17016e-05
9.15691e-06
9.39389e-06
7.27247e-06
4.5533e-06
4.84843e-06
2.80326e-06
4.38184e-06
3.10318e-06
3.39557e-06
2.34562e-06
1.54415e-06
1.79153e-06
2.04423e-06
2.29893e-06
3.78275e-06
5.49831e-06
4.09957e-06
4.37654e-06
2.42761e-06
1.6248e-06
1.86572e-06
1.20771e-06
3.77164e-07
1.19178e-06
3.79914e-07
3.01882e-08
5.70283e-08
3.88652e-07
5.80259e-09
1.88625e-07
3.22521e-08
4.96275e-08
3.57335e-07
1.90493e-07
6.3e-07
1.269e-06
2.06294e-06
2.63869e-06
3.63787e-06
2.90344e-06
1.20294e-06
8.49469e-07
1.28381e-06
3.16729e-07
8.02214e-07
1.17871e-07
4.64022e-07
9.91291e-07
1.95231e-07
5.81213e-07
3.5286e-07
4.41682e-09
1.59517e-07
1.28456e-08
2.94369e-08
5.0897e-10
1.41116e-08
6.39748e-08
1.44906e-07
2.51501e-07
2.0549e-08
1.92625e-08
1.30275e-07
5.56889e-09
7.08277e-08
5.64108e-08
1.10174e-08
1.16646e-09
5.78855e-08
9.98544e-09
1.54288e-07
2.00907e-09
3.08965e-08
9.01193e-08
1.30146e-09
1.22249e-07
2.46579e-08
2.55932e-08
1.10054e-07
1.4282e-10
2.39643e-07
3.69896e-07
8.1863e-08
5.55289e-07
7.29546e-07
9.17128e-07
3.93442e-07
1.13366e-06
4.95351e-07
1.28469e-06
2.35466e-06
1.38459e-06
2.47108e-06
1.49033e-06
1.72828e-06
1.97122e-06
1.14463e-06
5.77312e-07
1.57476e-07
2.64549e-07
9.00932e-07
3.40611e-07
4.82991e-07
1.59148e-07
3.93554e-09
3.58361e-08
6.51325e-09
2.34679e-09
7.21985e-08
1.84239e-08
1.91379e-07
3.09094e-09
2.66069e-07
3.89489e-07
1.09314e-07
1.96286e-07
2.74963e-08
2.3984e-08
1.62002e-07
3.99805e-07
8.39828e-07
1.5966e-07
6.94936e-08
3.14085e-07
7.00017e-07
1.19778e-06
8.76601e-07
1.75853e-07
3.94677e-09
4.08763e-08
2.00947e-07
9.73071e-08
3.58672e-07
2.11434e-07
4.77744e-07
3.74621e-08
1.86868e-07
5.13127e-07
8.63757e-07
1.2696e-06
3.68972e-07
2.19094e-07
1.1257e-07
1.85008e-08
1.15556e-08
1.70742e-07
3.96532e-07
8.24279e-07
1.64773e-07
3.92993e-09
5.98377e-08
2.25318e-07
5.68155e-07
3.70495e-07
7.66662e-07
1.26333e-06
3.78446e-07
7.60126e-07
1.23426e-06
3.67977e-07
2.15579e-07
1.08194e-07
4.01923e-08
2.1862e-07
4.98208e-07
5.06284e-08
1.01049e-08
1.17094e-07
4.99723e-09
3.38997e-08
3.69298e-07
1.09078e-07
7.97368e-10
4.84659e-08
9.59621e-09
3.19212e-10
2.02889e-07
3.00048e-07
7.94005e-08
4.26547e-10
6.6548e-08
1.94948e-08
9.07646e-08
5.08228e-07
6.39307e-07
2.24216e-07
2.8776e-08
6.60012e-09
1.27153e-07
8.37372e-09
2.59925e-07
8.10644e-07
9.69925e-07
4.38381e-07
1.30802e-07
8.38736e-09
4.08583e-08
9.41537e-08
6.26699e-10
5.10517e-08
4.33965e-08
3.76286e-07
9.83178e-07
4.88641e-07
1.14348e-06
1.31808e-06
2.21903e-06
1.39274e-06
1.57422e-06
1.75589e-06
1.93756e-06
1.09658e-06
1.94424e-06
1.19211e-06
6.57617e-07
8.00133e-07
1.56004e-06
1.73703e-06
2.70651e-06
3.80527e-06
4.99893e-06
3.40711e-06
2.19662e-06
2.39093e-06
3.4365e-06
4.58324e-06
4.77013e-06
3.27907e-06
4.40433e-06
3.01654e-06
1.97763e-06
1.1648e-06
6.12477e-07
1.27508e-06
1.4591e-06
1.6448e-06
2.55551e-06
1.64916e-06
9.84833e-07
1.75123e-06
2.66388e-06
2.86739e-06
3.91488e-06
2.75591e-06
1.86117e-06
1.03809e-06
1.20955e-06
5.99508e-07
2.21725e-07
6.83904e-07
2.77315e-07
7.32755e-08
1.35092e-12
1.44668e-07
2.35517e-07
3.42074e-07
1.07724e-07
4.75501e-07
1.58436e-07
2.49725e-07
4.98402e-08
1.08684e-07
6.8346e-09
2.14821e-08
9.25874e-10
1.24562e-07
5.04496e-07
1.08979e-06
1.25844e-06
1.42995e-06
8.45409e-07
4.39111e-07
1.3399e-07
7.98828e-09
1.71795e-08
2.81525e-10
1.29459e-07
7.26494e-09
2.05461e-07
3.01061e-07
7.87442e-07
1.44836e-06
2.24583e-06
1.37639e-06
1.55427e-06
9.33065e-07
4.97072e-07
2.14322e-07
6.40499e-07
3.1285e-07
7.894e-07
1.42941e-06
8.85104e-07
4.95896e-07
1.5763e-07
5.34436e-07
2.54529e-07
8.6699e-08
3.99409e-07
5.25065e-07
1.07185e-06
1.24085e-06
1.41317e-06
2.16344e-06
2.35137e-06
3.21815e-06
4.14896e-06
3.09217e-06
2.25178e-06
1.30531e-06
2.02328e-06
2.83378e-06
2.0404e-06
2.23219e-06
1.57373e-06
2.32276e-06
3.15368e-06
1.967e-06
2.15945e-06
2.96993e-06
3.84269e-06
4.75855e-06
5.70013e-06
6.6558e-06
6.8152e-06
4.85421e-06
5.78698e-06
4.06351e-06
2.73241e-06
3.55861e-06
2.58121e-06
1.81442e-06
1.22332e-06
1.87775e-06
1.28489e-06
6.44273e-07
3.51781e-07
8.48834e-08
1.13324e-08
1.83023e-07
5.28916e-07
1.77557e-07
5.17148e-07
2.62575e-07
3.80723e-07
1.01688e-07
1.83713e-07
2.11905e-08
1.42803e-09
6.72907e-09
8.7014e-09
6.56591e-08
6.88397e-09
1.59505e-07
2.54183e-07
1.00418e-07
3.82048e-07
8.08714e-07
9.74509e-07
1.14654e-06
1.32205e-06
6.79646e-07
8.30324e-07
3.65e-07
4.85728e-07
9.52336e-07
5.78852e-07
7.18035e-07
4.15137e-07
2.07968e-07
2.7744e-08
1.06329e-08
6.80478e-08
2.57076e-07
1.44068e-07
2.73873e-07
1.58175e-07
7.75306e-08
1.78639e-07
3.09525e-07
1.88793e-07
1.01631e-07
3.17904e-07
4.22004e-08
1.22332e-07
3.49645e-07
2.21318e-07
1.26558e-07
3.50633e-07
2.25672e-07
4.91123e-07
6.85482e-07
4.9682e-07
8.40948e-07
1.06828e-06
1.30381e-06
1.544e-06
1.78428e-06
1.43612e-06
1.14062e-06
8.91283e-07
1.3164e-06
1.78691e-06
8.57951e-07
2.95025e-07
5.7575e-07
7.77818e-07
5.82304e-07
7.78292e-07
2.53868e-07
1.58911e-07
8.90934e-08
1.90571e-07
4.35328e-07
3.0546e-07
4.60132e-07
9.68985e-08
9.77352e-10
1.23073e-07
3.38503e-08
4.98039e-09
4.72857e-08
1.25268e-07
1.92873e-10
2.47938e-08
1.58388e-07
3.32898e-09
1.04944e-09
1.29166e-08
6.20819e-08
1.40493e-07
1.44158e-09
8.23327e-08
2.69415e-07
5.40772e-07
7.17278e-07
1.09194e-06
1.51107e-06
7.12741e-07
5.274e-07
1.38689e-07
7.34854e-08
3.05466e-08
9.97392e-08
1.99547e-07
4.3769e-07
7.42611e-07
2.505e-07
2.68186e-08
4.92586e-09
8.74377e-08
2.55718e-07
4.08348e-07
5.81213e-07
4.22718e-07
2.95657e-07
5.50083e-07
4.01597e-07
2.82106e-07
3.58136e-08
1.67448e-08
1.82119e-07
2.45602e-07
5.92675e-07
1.05207e-06
6.77952e-07
3.11951e-07
1.43728e-07
2.01951e-07
7.82458e-08
1.48902e-08
3.97871e-08
1.47916e-09
1.85582e-09
3.33423e-08
1.54182e-07
4.52042e-09
2.42943e-10
4.01565e-08
1.61152e-07
5.93271e-09
5.07895e-08
8.99315e-08
1.62852e-08
4.14872e-08
1.6235e-09
1.39105e-08
1.67238e-07
5.7499e-08
1.51863e-10
1.89166e-08
3.00375e-09
7.07643e-08
2.1446e-07
4.18119e-07
9.68985e-08
4.94021e-08
7.38738e-09
5.40115e-09
4.89526e-08
7.14101e-09
2.57699e-08
5.40922e-08
5.45385e-09
1.30608e-07
1.75723e-08
6.51806e-09
7.80126e-08
2.15234e-07
2.15346e-08
3.93928e-09
6.48673e-08
1.88055e-07
3.32691e-07
5.46133e-07
7.92289e-07
6.11265e-07
8.60768e-07
6.71929e-07
8.98162e-07
1.13743e-06
1.3848e-06
1.1301e-06
1.36934e-06
1.12128e-06
4.94806e-07
1.38046e-07
3.80943e-09
5.15377e-08
2.46637e-07
3.08332e-07
6.47146e-07
3.71802e-07
7.2807e-07
8.11262e-07
4.98607e-07
5.73333e-07
3.29707e-07
6.7105e-07
3.3581e-07
4.0275e-07
4.72055e-07
2.58377e-07
1.17074e-07
1.62326e-07
3.31359e-08
6.1312e-08
2.62759e-07
5.76995e-07
3.387e-07
1.73959e-07
6.97374e-08
2.08594e-09
8.04164e-09
4.63956e-08
1.68789e-07
1.06145e-07
2.62087e-07
4.69581e-07
3.50491e-07
4.8837e-07
1.44317e-07
6.75599e-09
3.82565e-08
6.78613e-08
2.56684e-09
1.43248e-08
1.4802e-07
2.98783e-08
5.65879e-08
7.47989e-09
2.8889e-09
2.9724e-10
8.27008e-08
1.20091e-07
3.91476e-08
3.52789e-09
2.03274e-08
6.99185e-08
2.01496e-07
2.31015e-08
7.51918e-08
2.08226e-07
2.60626e-08
7.467e-09
7.53389e-08
6.66809e-11
1.566e-08
9.62132e-08
7.38737e-10
1.96523e-09
8.21089e-09
3.16131e-08
1.55931e-09
7.88209e-09
3.13909e-08
6.80012e-10
2.0737e-09
6.94344e-09
3.28544e-08
4.36452e-10
2.53373e-09
6.23488e-09
3.38284e-08
2.79528e-10
2.92264e-09
9.47765e-08
2.75556e-08
1.15428e-09
7.7661e-09
7.76302e-08
4.82183e-11
6.08259e-08
1.28185e-08
3.2531e-08
5.96483e-08
2.32662e-07
4.96484e-07
8.316e-07
9.07591e-07
5.07421e-07
2.38564e-07
1.15144e-07
1.83552e-08
1.41052e-07
3.01364e-08
2.02086e-10
2.14385e-08
7.20224e-08
3.91687e-11
3.47945e-08
1.25606e-07
2.60929e-07
3.86241e-07
1.15833e-07
2.08635e-07
3.71257e-07
5.647e-07
2.16189e-07
3.73767e-07
2.65301e-07
4.30426e-07
6.20198e-07
4.7185e-07
6.62872e-07
5.09759e-07
1.83738e-07
3.20481e-07
8.49007e-08
1.87526e-07
3.14035e-07
4.7351e-07
3.50103e-07
5.12017e-07
3.83855e-07
2.79327e-07
6.52017e-08
1.54498e-07
1.6977e-08
3.03651e-09
2.76547e-10
1.79936e-08
3.80576e-09
3.30816e-08
5.92269e-08
2.18843e-07
8.69273e-08
1.74619e-08
3.80004e-08
1.77168e-07
3.99334e-07
2.03386e-07
8.00737e-08
1.58771e-08
3.93957e-10
4.64148e-08
4.5888e-09
8.78259e-08
2.16528e-08
4.53805e-08
7.57977e-08
1.03581e-08
2.76596e-08
5.18223e-08
8.17693e-08
1.35994e-08
1.61032e-09
3.17351e-08
1.02125e-07
5.98669e-08
3.00537e-08
9.67501e-08
3.24695e-09
3.24183e-08
8.44325e-10
1.24467e-08
1.61145e-08
7.57485e-10
4.16999e-08
3.03979e-09
1.39914e-08
1.17053e-09
9.2225e-10
8.48591e-09
1.00399e-07
2.52795e-08
8.72922e-11
5.63754e-08
7.56519e-09
2.83946e-09
3.38997e-08
2.85536e-09
6.42217e-09
5.17477e-08
2.42943e-08
7.62492e-09
4.57559e-08
1.24447e-07
2.32001e-07
1.63096e-07
2.33422e-08
7.73232e-08
4.31237e-08
9.53278e-10
1.32884e-08
6.29238e-08
1.41792e-07
9.25692e-08
1.8231e-07
2.94653e-07
4.2361e-07
5.63895e-07
7.3115e-07
8.92634e-07
1.05697e-06
1.22217e-06
6.63989e-07
2.95673e-07
4.1343e-07
5.40203e-07
7.15411e-07
8.60934e-07
1.05789e-06
1.21296e-06
1.36718e-06
1.58463e-06
1.80136e-06
1.53077e-06
1.74269e-06
1.04049e-06
8.58558e-07
4.24036e-07
3.26464e-07
4.68662e-07
3.65505e-07
5.10355e-07
4.02296e-07
1.41175e-07
2.33266e-07
5.53821e-08
1.90623e-11
1.62548e-08
5.84174e-08
3.1317e-08
9.7177e-08
5.98563e-09
3.37025e-10
3.91123e-08
2.20464e-09
1.04037e-08
9.60839e-08
1.26537e-07
4.01326e-08
1.61008e-07
3.46515e-07
1.89947e-07
8.63921e-08
2.36415e-07
1.03808e-07
1.35928e-07
1.70422e-07
3.56943e-07
2.01496e-07
8.26408e-08
1.11732e-07
3.95022e-08
1.56308e-07
3.35016e-07
5.62597e-07
6.11707e-07
3.94639e-07
2.07656e-07
1.01251e-07
2.62554e-08
1.27429e-07
4.07439e-08
5.51122e-09
7.45557e-08
2.10475e-08
7.00368e-10
7.01814e-09
1.5047e-08
1.11933e-10
4.60901e-09
6.56144e-09
4.81907e-08
2.40441e-08
3.04966e-09
6.32382e-08
9.86076e-09
8.50658e-08
2.21992e-07
1.13743e-07
1.47916e-07
6.66249e-08
1.99384e-08
1.07959e-07
2.53673e-07
1.1223e-07
1.46407e-07
4.98934e-08
1.10612e-08
1.57819e-09
3.04737e-08
1.2146e-08
2.39613e-09
3.26063e-08
6.35684e-10
7.62232e-09
7.41169e-10
1.79776e-08
4.60496e-09
5.02255e-09
3.08337e-08
7.55026e-10
6.35547e-09
4.51142e-08
2.19079e-08
7.54453e-08
4.37698e-08
9.36879e-08
1.57027e-07
2.61538e-07
3.49892e-07
1.32826e-07
8.78965e-08
7.70319e-09
8.7667e-10
1.70236e-08
5.19293e-09
2.83228e-08
1.05331e-09
1.13039e-08
5.55927e-08
1.06495e-09
1.76713e-08
5.51122e-09
4.18156e-08
1.06194e-07
6.83903e-08
3.21815e-09
1.79457e-08
3.36696e-08
2.07642e-09
5.26464e-08
1.60877e-07
1.956e-07
2.31772e-07
1.09985e-07
3.67674e-08
5.21443e-09
6.38391e-08
1.75961e-08
4.51522e-10
4.14507e-08
4.43268e-09
5.99252e-08
1.64453e-08
3.19425e-08
5.13417e-08
7.93509e-09
7.04712e-08
1.85005e-07
2.20968e-07
1.18198e-07
2.52833e-07
1.42387e-07
5.33187e-08
1.41824e-08
2.04636e-10
1.64036e-09
8.43656e-09
1.98711e-08
1.20856e-09
4.09034e-09
2.41922e-08
7.71659e-08
1.53306e-07
2.20044e-07
1.61871e-07
2.59682e-07
1.95784e-07
1.43548e-07
1.01422e-07
1.58792e-07
2.54484e-07
3.31009e-07
1.28549e-07
2.17063e-07
1.6235e-07
3.89356e-08
2.06645e-08
6.73809e-08
1.1827e-07
8.18375e-08
1.55402e-07
1.1265e-07
7.86047e-08
6.60496e-09
3.88534e-08
2.18927e-11
1.48793e-08
5.3139e-09
1.23837e-08
